Archive member included because of file (symbol)

/usr/share/crossworks_for_arm_3.1/lib/libc_v6m_t_le_eabi.a(libc_asm.o)
                              stepper THUMB Flash Debug/workingramp.o (__aeabi_uidiv)
/usr/share/crossworks_for_arm_3.1/lib/libdebugio_v6m_t_le_eabi.a(libdebugio.o)
                              stepper THUMB Flash Debug/steptest.o (debug_puts)
/usr/share/crossworks_for_arm_3.1/lib/libdebugio_mempoll_v6m_t_le_eabi.a(mempoll_debug_operations.o)
                              /usr/share/crossworks_for_arm_3.1/lib/libdebugio_v6m_t_le_eabi.a(libdebugio.o) (__do_debug_operation)
/usr/share/crossworks_for_arm_3.1/lib/libdebugio_mempoll_v6m_t_le_eabi.a(do_nv_debug_operation.o)
                              /usr/share/crossworks_for_arm_3.1/lib/libdebugio_v6m_t_le_eabi.a(libdebugio.o) (__do_nvdebug_operation)
/usr/share/crossworks_for_arm_3.1/lib/libc_user_libc_v6m_t_le_eabi.a(user_libc.o)
                              /usr/share/crossworks_for_arm_3.1/lib/libdebugio_mempoll_v6m_t_le_eabi.a(mempoll_debug_operations.o) (__debug_io_lock)

Discarded input sections

 .group         0x00000000        0x8 stepper THUMB Flash Debug/workingramp.o
 .group         0x00000000        0x8 stepper THUMB Flash Debug/workingramp.o
 .group         0x00000000        0x8 stepper THUMB Flash Debug/workingramp.o
 .group         0x00000000        0x8 stepper THUMB Flash Debug/workingramp.o
 .group         0x00000000        0x8 stepper THUMB Flash Debug/workingramp.o
 .group         0x00000000        0x8 stepper THUMB Flash Debug/workingramp.o
 .group         0x00000000        0x8 stepper THUMB Flash Debug/workingramp.o
 .group         0x00000000        0x8 stepper THUMB Flash Debug/workingramp.o
 .group         0x00000000        0x8 stepper THUMB Flash Debug/workingramp.o
 .group         0x00000000        0x8 stepper THUMB Flash Debug/workingramp.o
 .group         0x00000000        0x8 stepper THUMB Flash Debug/workingramp.o
 .group         0x00000000        0x8 stepper THUMB Flash Debug/workingramp.o
 .group         0x00000000        0x8 stepper THUMB Flash Debug/workingramp.o
 .group         0x00000000        0x8 stepper THUMB Flash Debug/workingramp.o
 .group         0x00000000        0x8 stepper THUMB Flash Debug/workingramp.o
 .group         0x00000000        0x8 stepper THUMB Flash Debug/workingramp.o
 .group         0x00000000        0x8 stepper THUMB Flash Debug/workingramp.o
 .group         0x00000000        0x8 stepper THUMB Flash Debug/workingramp.o
 .group         0x00000000        0x8 stepper THUMB Flash Debug/workingramp.o
 .group         0x00000000        0x8 stepper THUMB Flash Debug/workingramp.o
 .group         0x00000000        0x8 stepper THUMB Flash Debug/workingramp.o
 .group         0x00000000        0x8 stepper THUMB Flash Debug/workingramp.o
 .group         0x00000000        0x8 stepper THUMB Flash Debug/workingramp.o
 .group         0x00000000        0x8 stepper THUMB Flash Debug/workingramp.o
 .group         0x00000000        0x8 stepper THUMB Flash Debug/workingramp.o
 .group         0x00000000        0x8 stepper THUMB Flash Debug/workingramp.o
 .group         0x00000000        0x8 stepper THUMB Flash Debug/workingramp.o
 .group         0x00000000        0x8 stepper THUMB Flash Debug/workingramp.o
 .text          0x00000000        0x0 stepper THUMB Flash Debug/workingramp.o
 .data          0x00000000        0x0 stepper THUMB Flash Debug/workingramp.o
 .bss           0x00000000        0x0 stepper THUMB Flash Debug/workingramp.o
 .rodata.DIRECTION_DOWN
                0x00000000        0x4 stepper THUMB Flash Debug/workingramp.o
 .rodata.AUTOLIMIT_L
                0x00000000        0x4 stepper THUMB Flash Debug/workingramp.o
 .rodata.COMBMODE_MATCH
                0x00000000        0x4 stepper THUMB Flash Debug/workingramp.o
 .rodata.STEP_PIN
                0x00000000        0x4 stepper THUMB Flash Debug/workingramp.o
 .rodata.OUTSEL_OUTPUT
                0x00000000        0x4 stepper THUMB Flash Debug/workingramp.o
 .rodata.MATCHSEL_1
                0x00000000        0x4 stepper THUMB Flash Debug/workingramp.o
 .rodata.ACCEL_MUX
                0x00000000        0x4 stepper THUMB Flash Debug/workingramp.o
 .rodata.DIRECTION_UP
                0x00000000        0x4 stepper THUMB Flash Debug/workingramp.o
 .rodata.FULL_SPEED_PPS
                0x00000000        0x4 stepper THUMB Flash Debug/workingramp.o
 .group         0x00000000        0x8 stepper THUMB Flash Debug/steptest.o
 .group         0x00000000        0x8 stepper THUMB Flash Debug/steptest.o
 .group         0x00000000        0x8 stepper THUMB Flash Debug/steptest.o
 .group         0x00000000        0x8 stepper THUMB Flash Debug/steptest.o
 .group         0x00000000        0x8 stepper THUMB Flash Debug/steptest.o
 .group         0x00000000        0x8 stepper THUMB Flash Debug/steptest.o
 .group         0x00000000        0x8 stepper THUMB Flash Debug/steptest.o
 .group         0x00000000        0x8 stepper THUMB Flash Debug/steptest.o
 .group         0x00000000        0x8 stepper THUMB Flash Debug/steptest.o
 .group         0x00000000        0x8 stepper THUMB Flash Debug/steptest.o
 .group         0x00000000        0x8 stepper THUMB Flash Debug/steptest.o
 .group         0x00000000        0x8 stepper THUMB Flash Debug/steptest.o
 .group         0x00000000        0x8 stepper THUMB Flash Debug/steptest.o
 .group         0x00000000        0x8 stepper THUMB Flash Debug/steptest.o
 .group         0x00000000        0x8 stepper THUMB Flash Debug/steptest.o
 .group         0x00000000        0x8 stepper THUMB Flash Debug/steptest.o
 .group         0x00000000        0x8 stepper THUMB Flash Debug/steptest.o
 .group         0x00000000        0x8 stepper THUMB Flash Debug/steptest.o
 .group         0x00000000        0x8 stepper THUMB Flash Debug/steptest.o
 .group         0x00000000        0x8 stepper THUMB Flash Debug/steptest.o
 .group         0x00000000        0x8 stepper THUMB Flash Debug/steptest.o
 .group         0x00000000        0x8 stepper THUMB Flash Debug/steptest.o
 .group         0x00000000        0x8 stepper THUMB Flash Debug/steptest.o
 .group         0x00000000        0x8 stepper THUMB Flash Debug/steptest.o
 .group         0x00000000        0x8 stepper THUMB Flash Debug/steptest.o
 .group         0x00000000        0x8 stepper THUMB Flash Debug/steptest.o
 .group         0x00000000        0x8 stepper THUMB Flash Debug/steptest.o
 .group         0x00000000        0x8 stepper THUMB Flash Debug/steptest.o
 .group         0x00000000        0x8 stepper THUMB Flash Debug/steptest.o
 .group         0x00000000        0x8 stepper THUMB Flash Debug/steptest.o
 .text          0x00000000        0x0 stepper THUMB Flash Debug/steptest.o
 .data          0x00000000        0x0 stepper THUMB Flash Debug/steptest.o
 .bss           0x00000000        0x0 stepper THUMB Flash Debug/steptest.o
 .debug_macro   0x00000000      0x188 stepper THUMB Flash Debug/steptest.o
 .debug_macro   0x00000000       0x22 stepper THUMB Flash Debug/steptest.o
 .debug_macro   0x00000000       0x66 stepper THUMB Flash Debug/steptest.o
 .debug_macro   0x00000000       0x10 stepper THUMB Flash Debug/steptest.o
 .debug_macro   0x00000000       0x22 stepper THUMB Flash Debug/steptest.o
 .debug_macro   0x00000000       0x3a stepper THUMB Flash Debug/steptest.o
 .debug_macro   0x00000000       0x1f stepper THUMB Flash Debug/steptest.o
 .debug_macro   0x00000000      0x241 stepper THUMB Flash Debug/steptest.o
 .debug_macro   0x00000000      0x100 stepper THUMB Flash Debug/steptest.o
 .debug_macro   0x00000000       0x6a stepper THUMB Flash Debug/steptest.o
 .debug_macro   0x00000000       0x70 stepper THUMB Flash Debug/steptest.o
 .debug_macro   0x00000000       0x1c stepper THUMB Flash Debug/steptest.o
 .debug_macro   0x00000000       0xa0 stepper THUMB Flash Debug/steptest.o
 .debug_macro   0x00000000       0x10 stepper THUMB Flash Debug/steptest.o
 .debug_macro   0x00000000       0x64 stepper THUMB Flash Debug/steptest.o
 .debug_macro   0x00000000       0x64 stepper THUMB Flash Debug/steptest.o
 .debug_macro   0x00000000       0x4c stepper THUMB Flash Debug/steptest.o
 .debug_macro   0x00000000       0x4c stepper THUMB Flash Debug/steptest.o
 .debug_macro   0x00000000       0x6a stepper THUMB Flash Debug/steptest.o
 .debug_macro   0x00000000       0x76 stepper THUMB Flash Debug/steptest.o
 .debug_macro   0x00000000       0x16 stepper THUMB Flash Debug/steptest.o
 .debug_macro   0x00000000      0x106 stepper THUMB Flash Debug/steptest.o
 .debug_macro   0x00000000       0x1c stepper THUMB Flash Debug/steptest.o
 .debug_macro   0x00000000       0x2e stepper THUMB Flash Debug/steptest.o
 .debug_macro   0x00000000       0xd2 stepper THUMB Flash Debug/steptest.o
 .debug_macro   0x00000000      0x201 stepper THUMB Flash Debug/steptest.o
 .text          0x00000000        0x0 stepper THUMB Flash Debug/thumb_crt0.o
 .data          0x00000000        0x0 stepper THUMB Flash Debug/thumb_crt0.o
 .bss           0x00000000        0x0 stepper THUMB Flash Debug/thumb_crt0.o
 .stack         0x00000000        0x0 stepper THUMB Flash Debug/thumb_crt0.o
 .stack_process
                0x00000000        0x0 stepper THUMB Flash Debug/thumb_crt0.o
 .heap          0x00000000        0x0 stepper THUMB Flash Debug/thumb_crt0.o
 .text          0x00000000        0x0 stepper THUMB Flash Debug/LPC8xx_Startup.o
 .data          0x00000000        0x0 stepper THUMB Flash Debug/LPC8xx_Startup.o
 .bss           0x00000000        0x0 stepper THUMB Flash Debug/LPC8xx_Startup.o
 .group         0x00000000        0x8 stepper THUMB Flash Debug/system_LPC8xx.o
 .group         0x00000000        0x8 stepper THUMB Flash Debug/system_LPC8xx.o
 .group         0x00000000        0x8 stepper THUMB Flash Debug/system_LPC8xx.o
 .group         0x00000000        0x8 stepper THUMB Flash Debug/system_LPC8xx.o
 .group         0x00000000        0x8 stepper THUMB Flash Debug/system_LPC8xx.o
 .group         0x00000000        0x8 stepper THUMB Flash Debug/system_LPC8xx.o
 .group         0x00000000        0x8 stepper THUMB Flash Debug/system_LPC8xx.o
 .text          0x00000000        0x0 stepper THUMB Flash Debug/system_LPC8xx.o
 .data          0x00000000        0x0 stepper THUMB Flash Debug/system_LPC8xx.o
 .bss           0x00000000        0x0 stepper THUMB Flash Debug/system_LPC8xx.o
 .debug_macro   0x00000000      0x85c stepper THUMB Flash Debug/system_LPC8xx.o
 .debug_macro   0x00000000      0x188 stepper THUMB Flash Debug/system_LPC8xx.o
 .debug_macro   0x00000000       0x1f stepper THUMB Flash Debug/system_LPC8xx.o
 .group         0x00000000        0x8 /home/drob/Documents/CrossWorks Projects/LPCOpen8xx/lpc_chip_8xx_lib/LPC_CHIP THUMB Flash Debug/gpio_8xx.o
 .group         0x00000000        0x8 /home/drob/Documents/CrossWorks Projects/LPCOpen8xx/lpc_chip_8xx_lib/LPC_CHIP THUMB Flash Debug/gpio_8xx.o
 .group         0x00000000        0x8 /home/drob/Documents/CrossWorks Projects/LPCOpen8xx/lpc_chip_8xx_lib/LPC_CHIP THUMB Flash Debug/gpio_8xx.o
 .group         0x00000000        0x8 /home/drob/Documents/CrossWorks Projects/LPCOpen8xx/lpc_chip_8xx_lib/LPC_CHIP THUMB Flash Debug/gpio_8xx.o
 .group         0x00000000        0x8 /home/drob/Documents/CrossWorks Projects/LPCOpen8xx/lpc_chip_8xx_lib/LPC_CHIP THUMB Flash Debug/gpio_8xx.o
 .group         0x00000000        0x8 /home/drob/Documents/CrossWorks Projects/LPCOpen8xx/lpc_chip_8xx_lib/LPC_CHIP THUMB Flash Debug/gpio_8xx.o
 .group         0x00000000        0x8 /home/drob/Documents/CrossWorks Projects/LPCOpen8xx/lpc_chip_8xx_lib/LPC_CHIP THUMB Flash Debug/gpio_8xx.o
 .group         0x00000000        0x8 /home/drob/Documents/CrossWorks Projects/LPCOpen8xx/lpc_chip_8xx_lib/LPC_CHIP THUMB Flash Debug/gpio_8xx.o
 .group         0x00000000        0x8 /home/drob/Documents/CrossWorks Projects/LPCOpen8xx/lpc_chip_8xx_lib/LPC_CHIP THUMB Flash Debug/gpio_8xx.o
 .group         0x00000000        0x8 /home/drob/Documents/CrossWorks Projects/LPCOpen8xx/lpc_chip_8xx_lib/LPC_CHIP THUMB Flash Debug/gpio_8xx.o
 .group         0x00000000        0x8 /home/drob/Documents/CrossWorks Projects/LPCOpen8xx/lpc_chip_8xx_lib/LPC_CHIP THUMB Flash Debug/gpio_8xx.o
 .group         0x00000000        0x8 /home/drob/Documents/CrossWorks Projects/LPCOpen8xx/lpc_chip_8xx_lib/LPC_CHIP THUMB Flash Debug/gpio_8xx.o
 .group         0x00000000        0x8 /home/drob/Documents/CrossWorks Projects/LPCOpen8xx/lpc_chip_8xx_lib/LPC_CHIP THUMB Flash Debug/gpio_8xx.o
 .group         0x00000000        0x8 /home/drob/Documents/CrossWorks Projects/LPCOpen8xx/lpc_chip_8xx_lib/LPC_CHIP THUMB Flash Debug/gpio_8xx.o
 .group         0x00000000        0x8 /home/drob/Documents/CrossWorks Projects/LPCOpen8xx/lpc_chip_8xx_lib/LPC_CHIP THUMB Flash Debug/gpio_8xx.o
 .group         0x00000000        0x8 /home/drob/Documents/CrossWorks Projects/LPCOpen8xx/lpc_chip_8xx_lib/LPC_CHIP THUMB Flash Debug/gpio_8xx.o
 .group         0x00000000        0x8 /home/drob/Documents/CrossWorks Projects/LPCOpen8xx/lpc_chip_8xx_lib/LPC_CHIP THUMB Flash Debug/gpio_8xx.o
 .group         0x00000000        0x8 /home/drob/Documents/CrossWorks Projects/LPCOpen8xx/lpc_chip_8xx_lib/LPC_CHIP THUMB Flash Debug/gpio_8xx.o
 .group         0x00000000        0x8 /home/drob/Documents/CrossWorks Projects/LPCOpen8xx/lpc_chip_8xx_lib/LPC_CHIP THUMB Flash Debug/gpio_8xx.o
 .group         0x00000000        0x8 /home/drob/Documents/CrossWorks Projects/LPCOpen8xx/lpc_chip_8xx_lib/LPC_CHIP THUMB Flash Debug/gpio_8xx.o
 .group         0x00000000        0x8 /home/drob/Documents/CrossWorks Projects/LPCOpen8xx/lpc_chip_8xx_lib/LPC_CHIP THUMB Flash Debug/gpio_8xx.o
 .group         0x00000000        0x8 /home/drob/Documents/CrossWorks Projects/LPCOpen8xx/lpc_chip_8xx_lib/LPC_CHIP THUMB Flash Debug/gpio_8xx.o
 .group         0x00000000        0x8 /home/drob/Documents/CrossWorks Projects/LPCOpen8xx/lpc_chip_8xx_lib/LPC_CHIP THUMB Flash Debug/gpio_8xx.o
 .group         0x00000000        0x8 /home/drob/Documents/CrossWorks Projects/LPCOpen8xx/lpc_chip_8xx_lib/LPC_CHIP THUMB Flash Debug/gpio_8xx.o
 .group         0x00000000        0x8 /home/drob/Documents/CrossWorks Projects/LPCOpen8xx/lpc_chip_8xx_lib/LPC_CHIP THUMB Flash Debug/gpio_8xx.o
 .group         0x00000000        0x8 /home/drob/Documents/CrossWorks Projects/LPCOpen8xx/lpc_chip_8xx_lib/LPC_CHIP THUMB Flash Debug/gpio_8xx.o
 .group         0x00000000        0x8 /home/drob/Documents/CrossWorks Projects/LPCOpen8xx/lpc_chip_8xx_lib/LPC_CHIP THUMB Flash Debug/gpio_8xx.o
 .text          0x00000000        0x0 /home/drob/Documents/CrossWorks Projects/LPCOpen8xx/lpc_chip_8xx_lib/LPC_CHIP THUMB Flash Debug/gpio_8xx.o
 .data          0x00000000        0x0 /home/drob/Documents/CrossWorks Projects/LPCOpen8xx/lpc_chip_8xx_lib/LPC_CHIP THUMB Flash Debug/gpio_8xx.o
 .bss           0x00000000        0x0 /home/drob/Documents/CrossWorks Projects/LPCOpen8xx/lpc_chip_8xx_lib/LPC_CHIP THUMB Flash Debug/gpio_8xx.o
 .text.Chip_Clock_DisablePeriphClock
                0x00000000       0x34 /home/drob/Documents/CrossWorks Projects/LPCOpen8xx/lpc_chip_8xx_lib/LPC_CHIP THUMB Flash Debug/gpio_8xx.o
 .text.Chip_GPIO_SetPinDIROutput
                0x00000000       0x44 /home/drob/Documents/CrossWorks Projects/LPCOpen8xx/lpc_chip_8xx_lib/LPC_CHIP THUMB Flash Debug/gpio_8xx.o
 .text.Chip_GPIO_SetPinDIRInput
                0x00000000       0x48 /home/drob/Documents/CrossWorks Projects/LPCOpen8xx/lpc_chip_8xx_lib/LPC_CHIP THUMB Flash Debug/gpio_8xx.o
 .text.Chip_GPIO_SetPortDIROutput
                0x00000000       0x3c /home/drob/Documents/CrossWorks Projects/LPCOpen8xx/lpc_chip_8xx_lib/LPC_CHIP THUMB Flash Debug/gpio_8xx.o
 .text.Chip_GPIO_SetPortDIRInput
                0x00000000       0x40 /home/drob/Documents/CrossWorks Projects/LPCOpen8xx/lpc_chip_8xx_lib/LPC_CHIP THUMB Flash Debug/gpio_8xx.o
 .text.Chip_GPIO_DeInit
                0x00000000       0x14 /home/drob/Documents/CrossWorks Projects/LPCOpen8xx/lpc_chip_8xx_lib/LPC_CHIP THUMB Flash Debug/gpio_8xx.o
 .text.Chip_GPIO_WriteDirBit
                0x00000000       0x80 /home/drob/Documents/CrossWorks Projects/LPCOpen8xx/lpc_chip_8xx_lib/LPC_CHIP THUMB Flash Debug/gpio_8xx.o
 .text.Chip_GPIO_SetPinDIR
                0x00000000       0x54 /home/drob/Documents/CrossWorks Projects/LPCOpen8xx/lpc_chip_8xx_lib/LPC_CHIP THUMB Flash Debug/gpio_8xx.o
 .text.Chip_GPIO_SetDir
                0x00000000       0x7c /home/drob/Documents/CrossWorks Projects/LPCOpen8xx/lpc_chip_8xx_lib/LPC_CHIP THUMB Flash Debug/gpio_8xx.o
 .text.Chip_GPIO_SetPortDIR
                0x00000000       0x54 /home/drob/Documents/CrossWorks Projects/LPCOpen8xx/lpc_chip_8xx_lib/LPC_CHIP THUMB Flash Debug/gpio_8xx.o
 .debug_macro   0x00000000      0x188 /home/drob/Documents/CrossWorks Projects/LPCOpen8xx/lpc_chip_8xx_lib/LPC_CHIP THUMB Flash Debug/gpio_8xx.o
 .debug_macro   0x00000000       0x22 /home/drob/Documents/CrossWorks Projects/LPCOpen8xx/lpc_chip_8xx_lib/LPC_CHIP THUMB Flash Debug/gpio_8xx.o
 .debug_macro   0x00000000       0x66 /home/drob/Documents/CrossWorks Projects/LPCOpen8xx/lpc_chip_8xx_lib/LPC_CHIP THUMB Flash Debug/gpio_8xx.o
 .debug_macro   0x00000000       0x10 /home/drob/Documents/CrossWorks Projects/LPCOpen8xx/lpc_chip_8xx_lib/LPC_CHIP THUMB Flash Debug/gpio_8xx.o
 .debug_macro   0x00000000       0x22 /home/drob/Documents/CrossWorks Projects/LPCOpen8xx/lpc_chip_8xx_lib/LPC_CHIP THUMB Flash Debug/gpio_8xx.o
 .debug_macro   0x00000000       0x3a /home/drob/Documents/CrossWorks Projects/LPCOpen8xx/lpc_chip_8xx_lib/LPC_CHIP THUMB Flash Debug/gpio_8xx.o
 .debug_macro   0x00000000       0x1f /home/drob/Documents/CrossWorks Projects/LPCOpen8xx/lpc_chip_8xx_lib/LPC_CHIP THUMB Flash Debug/gpio_8xx.o
 .debug_macro   0x00000000      0x241 /home/drob/Documents/CrossWorks Projects/LPCOpen8xx/lpc_chip_8xx_lib/LPC_CHIP THUMB Flash Debug/gpio_8xx.o
 .debug_macro   0x00000000      0x100 /home/drob/Documents/CrossWorks Projects/LPCOpen8xx/lpc_chip_8xx_lib/LPC_CHIP THUMB Flash Debug/gpio_8xx.o
 .debug_macro   0x00000000       0x6a /home/drob/Documents/CrossWorks Projects/LPCOpen8xx/lpc_chip_8xx_lib/LPC_CHIP THUMB Flash Debug/gpio_8xx.o
 .debug_macro   0x00000000       0x70 /home/drob/Documents/CrossWorks Projects/LPCOpen8xx/lpc_chip_8xx_lib/LPC_CHIP THUMB Flash Debug/gpio_8xx.o
 .debug_macro   0x00000000       0x1c /home/drob/Documents/CrossWorks Projects/LPCOpen8xx/lpc_chip_8xx_lib/LPC_CHIP THUMB Flash Debug/gpio_8xx.o
 .debug_macro   0x00000000       0xa0 /home/drob/Documents/CrossWorks Projects/LPCOpen8xx/lpc_chip_8xx_lib/LPC_CHIP THUMB Flash Debug/gpio_8xx.o
 .debug_macro   0x00000000       0x10 /home/drob/Documents/CrossWorks Projects/LPCOpen8xx/lpc_chip_8xx_lib/LPC_CHIP THUMB Flash Debug/gpio_8xx.o
 .debug_macro   0x00000000       0x64 /home/drob/Documents/CrossWorks Projects/LPCOpen8xx/lpc_chip_8xx_lib/LPC_CHIP THUMB Flash Debug/gpio_8xx.o
 .debug_macro   0x00000000       0x64 /home/drob/Documents/CrossWorks Projects/LPCOpen8xx/lpc_chip_8xx_lib/LPC_CHIP THUMB Flash Debug/gpio_8xx.o
 .debug_macro   0x00000000       0x4c /home/drob/Documents/CrossWorks Projects/LPCOpen8xx/lpc_chip_8xx_lib/LPC_CHIP THUMB Flash Debug/gpio_8xx.o
 .debug_macro   0x00000000       0x4c /home/drob/Documents/CrossWorks Projects/LPCOpen8xx/lpc_chip_8xx_lib/LPC_CHIP THUMB Flash Debug/gpio_8xx.o
 .debug_macro   0x00000000       0x6a /home/drob/Documents/CrossWorks Projects/LPCOpen8xx/lpc_chip_8xx_lib/LPC_CHIP THUMB Flash Debug/gpio_8xx.o
 .debug_macro   0x00000000       0x76 /home/drob/Documents/CrossWorks Projects/LPCOpen8xx/lpc_chip_8xx_lib/LPC_CHIP THUMB Flash Debug/gpio_8xx.o
 .debug_macro   0x00000000       0x16 /home/drob/Documents/CrossWorks Projects/LPCOpen8xx/lpc_chip_8xx_lib/LPC_CHIP THUMB Flash Debug/gpio_8xx.o
 .debug_macro   0x00000000      0x106 /home/drob/Documents/CrossWorks Projects/LPCOpen8xx/lpc_chip_8xx_lib/LPC_CHIP THUMB Flash Debug/gpio_8xx.o
 .debug_macro   0x00000000       0x1c /home/drob/Documents/CrossWorks Projects/LPCOpen8xx/lpc_chip_8xx_lib/LPC_CHIP THUMB Flash Debug/gpio_8xx.o
 .debug_macro   0x00000000       0x2e /home/drob/Documents/CrossWorks Projects/LPCOpen8xx/lpc_chip_8xx_lib/LPC_CHIP THUMB Flash Debug/gpio_8xx.o
 .debug_macro   0x00000000       0xd2 /home/drob/Documents/CrossWorks Projects/LPCOpen8xx/lpc_chip_8xx_lib/LPC_CHIP THUMB Flash Debug/gpio_8xx.o
 .debug_macro   0x00000000      0x201 /home/drob/Documents/CrossWorks Projects/LPCOpen8xx/lpc_chip_8xx_lib/LPC_CHIP THUMB Flash Debug/gpio_8xx.o
 .group         0x00000000        0x8 /home/drob/Documents/CrossWorks Projects/LPCOpen8xx/lpc_chip_8xx_lib/LPC_CHIP THUMB Flash Debug/swm_8xx.o
 .group         0x00000000        0x8 /home/drob/Documents/CrossWorks Projects/LPCOpen8xx/lpc_chip_8xx_lib/LPC_CHIP THUMB Flash Debug/swm_8xx.o
 .group         0x00000000        0x8 /home/drob/Documents/CrossWorks Projects/LPCOpen8xx/lpc_chip_8xx_lib/LPC_CHIP THUMB Flash Debug/swm_8xx.o
 .group         0x00000000        0x8 /home/drob/Documents/CrossWorks Projects/LPCOpen8xx/lpc_chip_8xx_lib/LPC_CHIP THUMB Flash Debug/swm_8xx.o
 .group         0x00000000        0x8 /home/drob/Documents/CrossWorks Projects/LPCOpen8xx/lpc_chip_8xx_lib/LPC_CHIP THUMB Flash Debug/swm_8xx.o
 .group         0x00000000        0x8 /home/drob/Documents/CrossWorks Projects/LPCOpen8xx/lpc_chip_8xx_lib/LPC_CHIP THUMB Flash Debug/swm_8xx.o
 .group         0x00000000        0x8 /home/drob/Documents/CrossWorks Projects/LPCOpen8xx/lpc_chip_8xx_lib/LPC_CHIP THUMB Flash Debug/swm_8xx.o
 .group         0x00000000        0x8 /home/drob/Documents/CrossWorks Projects/LPCOpen8xx/lpc_chip_8xx_lib/LPC_CHIP THUMB Flash Debug/swm_8xx.o
 .group         0x00000000        0x8 /home/drob/Documents/CrossWorks Projects/LPCOpen8xx/lpc_chip_8xx_lib/LPC_CHIP THUMB Flash Debug/swm_8xx.o
 .group         0x00000000        0x8 /home/drob/Documents/CrossWorks Projects/LPCOpen8xx/lpc_chip_8xx_lib/LPC_CHIP THUMB Flash Debug/swm_8xx.o
 .group         0x00000000        0x8 /home/drob/Documents/CrossWorks Projects/LPCOpen8xx/lpc_chip_8xx_lib/LPC_CHIP THUMB Flash Debug/swm_8xx.o
 .group         0x00000000        0x8 /home/drob/Documents/CrossWorks Projects/LPCOpen8xx/lpc_chip_8xx_lib/LPC_CHIP THUMB Flash Debug/swm_8xx.o
 .group         0x00000000        0x8 /home/drob/Documents/CrossWorks Projects/LPCOpen8xx/lpc_chip_8xx_lib/LPC_CHIP THUMB Flash Debug/swm_8xx.o
 .group         0x00000000        0x8 /home/drob/Documents/CrossWorks Projects/LPCOpen8xx/lpc_chip_8xx_lib/LPC_CHIP THUMB Flash Debug/swm_8xx.o
 .group         0x00000000        0x8 /home/drob/Documents/CrossWorks Projects/LPCOpen8xx/lpc_chip_8xx_lib/LPC_CHIP THUMB Flash Debug/swm_8xx.o
 .group         0x00000000        0x8 /home/drob/Documents/CrossWorks Projects/LPCOpen8xx/lpc_chip_8xx_lib/LPC_CHIP THUMB Flash Debug/swm_8xx.o
 .group         0x00000000        0x8 /home/drob/Documents/CrossWorks Projects/LPCOpen8xx/lpc_chip_8xx_lib/LPC_CHIP THUMB Flash Debug/swm_8xx.o
 .group         0x00000000        0x8 /home/drob/Documents/CrossWorks Projects/LPCOpen8xx/lpc_chip_8xx_lib/LPC_CHIP THUMB Flash Debug/swm_8xx.o
 .group         0x00000000        0x8 /home/drob/Documents/CrossWorks Projects/LPCOpen8xx/lpc_chip_8xx_lib/LPC_CHIP THUMB Flash Debug/swm_8xx.o
 .group         0x00000000        0x8 /home/drob/Documents/CrossWorks Projects/LPCOpen8xx/lpc_chip_8xx_lib/LPC_CHIP THUMB Flash Debug/swm_8xx.o
 .group         0x00000000        0x8 /home/drob/Documents/CrossWorks Projects/LPCOpen8xx/lpc_chip_8xx_lib/LPC_CHIP THUMB Flash Debug/swm_8xx.o
 .group         0x00000000        0x8 /home/drob/Documents/CrossWorks Projects/LPCOpen8xx/lpc_chip_8xx_lib/LPC_CHIP THUMB Flash Debug/swm_8xx.o
 .group         0x00000000        0x8 /home/drob/Documents/CrossWorks Projects/LPCOpen8xx/lpc_chip_8xx_lib/LPC_CHIP THUMB Flash Debug/swm_8xx.o
 .group         0x00000000        0x8 /home/drob/Documents/CrossWorks Projects/LPCOpen8xx/lpc_chip_8xx_lib/LPC_CHIP THUMB Flash Debug/swm_8xx.o
 .group         0x00000000        0x8 /home/drob/Documents/CrossWorks Projects/LPCOpen8xx/lpc_chip_8xx_lib/LPC_CHIP THUMB Flash Debug/swm_8xx.o
 .group         0x00000000        0x8 /home/drob/Documents/CrossWorks Projects/LPCOpen8xx/lpc_chip_8xx_lib/LPC_CHIP THUMB Flash Debug/swm_8xx.o
 .group         0x00000000        0x8 /home/drob/Documents/CrossWorks Projects/LPCOpen8xx/lpc_chip_8xx_lib/LPC_CHIP THUMB Flash Debug/swm_8xx.o
 .text          0x00000000        0x0 /home/drob/Documents/CrossWorks Projects/LPCOpen8xx/lpc_chip_8xx_lib/LPC_CHIP THUMB Flash Debug/swm_8xx.o
 .data          0x00000000        0x0 /home/drob/Documents/CrossWorks Projects/LPCOpen8xx/lpc_chip_8xx_lib/LPC_CHIP THUMB Flash Debug/swm_8xx.o
 .bss           0x00000000        0x0 /home/drob/Documents/CrossWorks Projects/LPCOpen8xx/lpc_chip_8xx_lib/LPC_CHIP THUMB Flash Debug/swm_8xx.o
 .text.Chip_SWM_EnableFixedPin
                0x00000000       0x38 /home/drob/Documents/CrossWorks Projects/LPCOpen8xx/lpc_chip_8xx_lib/LPC_CHIP THUMB Flash Debug/swm_8xx.o
 .text.Chip_SWM_DisableFixedPin
                0x00000000       0x34 /home/drob/Documents/CrossWorks Projects/LPCOpen8xx/lpc_chip_8xx_lib/LPC_CHIP THUMB Flash Debug/swm_8xx.o
 .text.Chip_SWM_FixedPinEnable
                0x00000000       0x38 /home/drob/Documents/CrossWorks Projects/LPCOpen8xx/lpc_chip_8xx_lib/LPC_CHIP THUMB Flash Debug/swm_8xx.o
 .debug_macro   0x00000000      0x856 /home/drob/Documents/CrossWorks Projects/LPCOpen8xx/lpc_chip_8xx_lib/LPC_CHIP THUMB Flash Debug/swm_8xx.o
 .debug_macro   0x00000000      0x188 /home/drob/Documents/CrossWorks Projects/LPCOpen8xx/lpc_chip_8xx_lib/LPC_CHIP THUMB Flash Debug/swm_8xx.o
 .debug_macro   0x00000000       0x22 /home/drob/Documents/CrossWorks Projects/LPCOpen8xx/lpc_chip_8xx_lib/LPC_CHIP THUMB Flash Debug/swm_8xx.o
 .debug_macro   0x00000000       0x66 /home/drob/Documents/CrossWorks Projects/LPCOpen8xx/lpc_chip_8xx_lib/LPC_CHIP THUMB Flash Debug/swm_8xx.o
 .debug_macro   0x00000000       0x10 /home/drob/Documents/CrossWorks Projects/LPCOpen8xx/lpc_chip_8xx_lib/LPC_CHIP THUMB Flash Debug/swm_8xx.o
 .debug_macro   0x00000000       0x22 /home/drob/Documents/CrossWorks Projects/LPCOpen8xx/lpc_chip_8xx_lib/LPC_CHIP THUMB Flash Debug/swm_8xx.o
 .debug_macro   0x00000000       0x3a /home/drob/Documents/CrossWorks Projects/LPCOpen8xx/lpc_chip_8xx_lib/LPC_CHIP THUMB Flash Debug/swm_8xx.o
 .debug_macro   0x00000000       0x1f /home/drob/Documents/CrossWorks Projects/LPCOpen8xx/lpc_chip_8xx_lib/LPC_CHIP THUMB Flash Debug/swm_8xx.o
 .debug_macro   0x00000000      0x241 /home/drob/Documents/CrossWorks Projects/LPCOpen8xx/lpc_chip_8xx_lib/LPC_CHIP THUMB Flash Debug/swm_8xx.o
 .debug_macro   0x00000000      0x100 /home/drob/Documents/CrossWorks Projects/LPCOpen8xx/lpc_chip_8xx_lib/LPC_CHIP THUMB Flash Debug/swm_8xx.o
 .debug_macro   0x00000000       0x6a /home/drob/Documents/CrossWorks Projects/LPCOpen8xx/lpc_chip_8xx_lib/LPC_CHIP THUMB Flash Debug/swm_8xx.o
 .debug_macro   0x00000000       0x70 /home/drob/Documents/CrossWorks Projects/LPCOpen8xx/lpc_chip_8xx_lib/LPC_CHIP THUMB Flash Debug/swm_8xx.o
 .debug_macro   0x00000000       0x1c /home/drob/Documents/CrossWorks Projects/LPCOpen8xx/lpc_chip_8xx_lib/LPC_CHIP THUMB Flash Debug/swm_8xx.o
 .debug_macro   0x00000000       0xa0 /home/drob/Documents/CrossWorks Projects/LPCOpen8xx/lpc_chip_8xx_lib/LPC_CHIP THUMB Flash Debug/swm_8xx.o
 .debug_macro   0x00000000       0x10 /home/drob/Documents/CrossWorks Projects/LPCOpen8xx/lpc_chip_8xx_lib/LPC_CHIP THUMB Flash Debug/swm_8xx.o
 .debug_macro   0x00000000       0x64 /home/drob/Documents/CrossWorks Projects/LPCOpen8xx/lpc_chip_8xx_lib/LPC_CHIP THUMB Flash Debug/swm_8xx.o
 .debug_macro   0x00000000       0x64 /home/drob/Documents/CrossWorks Projects/LPCOpen8xx/lpc_chip_8xx_lib/LPC_CHIP THUMB Flash Debug/swm_8xx.o
 .debug_macro   0x00000000       0x4c /home/drob/Documents/CrossWorks Projects/LPCOpen8xx/lpc_chip_8xx_lib/LPC_CHIP THUMB Flash Debug/swm_8xx.o
 .debug_macro   0x00000000       0x4c /home/drob/Documents/CrossWorks Projects/LPCOpen8xx/lpc_chip_8xx_lib/LPC_CHIP THUMB Flash Debug/swm_8xx.o
 .debug_macro   0x00000000       0x6a /home/drob/Documents/CrossWorks Projects/LPCOpen8xx/lpc_chip_8xx_lib/LPC_CHIP THUMB Flash Debug/swm_8xx.o
 .debug_macro   0x00000000       0x76 /home/drob/Documents/CrossWorks Projects/LPCOpen8xx/lpc_chip_8xx_lib/LPC_CHIP THUMB Flash Debug/swm_8xx.o
 .debug_macro   0x00000000       0x16 /home/drob/Documents/CrossWorks Projects/LPCOpen8xx/lpc_chip_8xx_lib/LPC_CHIP THUMB Flash Debug/swm_8xx.o
 .debug_macro   0x00000000      0x106 /home/drob/Documents/CrossWorks Projects/LPCOpen8xx/lpc_chip_8xx_lib/LPC_CHIP THUMB Flash Debug/swm_8xx.o
 .debug_macro   0x00000000       0x1c /home/drob/Documents/CrossWorks Projects/LPCOpen8xx/lpc_chip_8xx_lib/LPC_CHIP THUMB Flash Debug/swm_8xx.o
 .debug_macro   0x00000000       0x2e /home/drob/Documents/CrossWorks Projects/LPCOpen8xx/lpc_chip_8xx_lib/LPC_CHIP THUMB Flash Debug/swm_8xx.o
 .debug_macro   0x00000000       0xd2 /home/drob/Documents/CrossWorks Projects/LPCOpen8xx/lpc_chip_8xx_lib/LPC_CHIP THUMB Flash Debug/swm_8xx.o
 .debug_macro   0x00000000      0x201 /home/drob/Documents/CrossWorks Projects/LPCOpen8xx/lpc_chip_8xx_lib/LPC_CHIP THUMB Flash Debug/swm_8xx.o
 .group         0x00000000        0x8 /home/drob/Documents/CrossWorks Projects/LPCOpen8xx/lpc_chip_8xx_lib/LPC_CHIP THUMB Flash Debug/sct_8xx.o
 .group         0x00000000        0x8 /home/drob/Documents/CrossWorks Projects/LPCOpen8xx/lpc_chip_8xx_lib/LPC_CHIP THUMB Flash Debug/sct_8xx.o
 .group         0x00000000        0x8 /home/drob/Documents/CrossWorks Projects/LPCOpen8xx/lpc_chip_8xx_lib/LPC_CHIP THUMB Flash Debug/sct_8xx.o
 .group         0x00000000        0x8 /home/drob/Documents/CrossWorks Projects/LPCOpen8xx/lpc_chip_8xx_lib/LPC_CHIP THUMB Flash Debug/sct_8xx.o
 .group         0x00000000        0x8 /home/drob/Documents/CrossWorks Projects/LPCOpen8xx/lpc_chip_8xx_lib/LPC_CHIP THUMB Flash Debug/sct_8xx.o
 .group         0x00000000        0x8 /home/drob/Documents/CrossWorks Projects/LPCOpen8xx/lpc_chip_8xx_lib/LPC_CHIP THUMB Flash Debug/sct_8xx.o
 .group         0x00000000        0x8 /home/drob/Documents/CrossWorks Projects/LPCOpen8xx/lpc_chip_8xx_lib/LPC_CHIP THUMB Flash Debug/sct_8xx.o
 .group         0x00000000        0x8 /home/drob/Documents/CrossWorks Projects/LPCOpen8xx/lpc_chip_8xx_lib/LPC_CHIP THUMB Flash Debug/sct_8xx.o
 .group         0x00000000        0x8 /home/drob/Documents/CrossWorks Projects/LPCOpen8xx/lpc_chip_8xx_lib/LPC_CHIP THUMB Flash Debug/sct_8xx.o
 .group         0x00000000        0x8 /home/drob/Documents/CrossWorks Projects/LPCOpen8xx/lpc_chip_8xx_lib/LPC_CHIP THUMB Flash Debug/sct_8xx.o
 .group         0x00000000        0x8 /home/drob/Documents/CrossWorks Projects/LPCOpen8xx/lpc_chip_8xx_lib/LPC_CHIP THUMB Flash Debug/sct_8xx.o
 .group         0x00000000        0x8 /home/drob/Documents/CrossWorks Projects/LPCOpen8xx/lpc_chip_8xx_lib/LPC_CHIP THUMB Flash Debug/sct_8xx.o
 .group         0x00000000        0x8 /home/drob/Documents/CrossWorks Projects/LPCOpen8xx/lpc_chip_8xx_lib/LPC_CHIP THUMB Flash Debug/sct_8xx.o
 .group         0x00000000        0x8 /home/drob/Documents/CrossWorks Projects/LPCOpen8xx/lpc_chip_8xx_lib/LPC_CHIP THUMB Flash Debug/sct_8xx.o
 .group         0x00000000        0x8 /home/drob/Documents/CrossWorks Projects/LPCOpen8xx/lpc_chip_8xx_lib/LPC_CHIP THUMB Flash Debug/sct_8xx.o
 .group         0x00000000        0x8 /home/drob/Documents/CrossWorks Projects/LPCOpen8xx/lpc_chip_8xx_lib/LPC_CHIP THUMB Flash Debug/sct_8xx.o
 .group         0x00000000        0x8 /home/drob/Documents/CrossWorks Projects/LPCOpen8xx/lpc_chip_8xx_lib/LPC_CHIP THUMB Flash Debug/sct_8xx.o
 .group         0x00000000        0x8 /home/drob/Documents/CrossWorks Projects/LPCOpen8xx/lpc_chip_8xx_lib/LPC_CHIP THUMB Flash Debug/sct_8xx.o
 .group         0x00000000        0x8 /home/drob/Documents/CrossWorks Projects/LPCOpen8xx/lpc_chip_8xx_lib/LPC_CHIP THUMB Flash Debug/sct_8xx.o
 .group         0x00000000        0x8 /home/drob/Documents/CrossWorks Projects/LPCOpen8xx/lpc_chip_8xx_lib/LPC_CHIP THUMB Flash Debug/sct_8xx.o
 .group         0x00000000        0x8 /home/drob/Documents/CrossWorks Projects/LPCOpen8xx/lpc_chip_8xx_lib/LPC_CHIP THUMB Flash Debug/sct_8xx.o
 .group         0x00000000        0x8 /home/drob/Documents/CrossWorks Projects/LPCOpen8xx/lpc_chip_8xx_lib/LPC_CHIP THUMB Flash Debug/sct_8xx.o
 .group         0x00000000        0x8 /home/drob/Documents/CrossWorks Projects/LPCOpen8xx/lpc_chip_8xx_lib/LPC_CHIP THUMB Flash Debug/sct_8xx.o
 .group         0x00000000        0x8 /home/drob/Documents/CrossWorks Projects/LPCOpen8xx/lpc_chip_8xx_lib/LPC_CHIP THUMB Flash Debug/sct_8xx.o
 .group         0x00000000        0x8 /home/drob/Documents/CrossWorks Projects/LPCOpen8xx/lpc_chip_8xx_lib/LPC_CHIP THUMB Flash Debug/sct_8xx.o
 .group         0x00000000        0x8 /home/drob/Documents/CrossWorks Projects/LPCOpen8xx/lpc_chip_8xx_lib/LPC_CHIP THUMB Flash Debug/sct_8xx.o
 .group         0x00000000        0x8 /home/drob/Documents/CrossWorks Projects/LPCOpen8xx/lpc_chip_8xx_lib/LPC_CHIP THUMB Flash Debug/sct_8xx.o
 .text          0x00000000        0x0 /home/drob/Documents/CrossWorks Projects/LPCOpen8xx/lpc_chip_8xx_lib/LPC_CHIP THUMB Flash Debug/sct_8xx.o
 .data          0x00000000        0x0 /home/drob/Documents/CrossWorks Projects/LPCOpen8xx/lpc_chip_8xx_lib/LPC_CHIP THUMB Flash Debug/sct_8xx.o
 .bss           0x00000000        0x0 /home/drob/Documents/CrossWorks Projects/LPCOpen8xx/lpc_chip_8xx_lib/LPC_CHIP THUMB Flash Debug/sct_8xx.o
 .text.Chip_Clock_DisablePeriphClock
                0x00000000       0x34 /home/drob/Documents/CrossWorks Projects/LPCOpen8xx/lpc_chip_8xx_lib/LPC_CHIP THUMB Flash Debug/sct_8xx.o
 .text.Chip_SCT_SetControl
                0x00000000       0x1c /home/drob/Documents/CrossWorks Projects/LPCOpen8xx/lpc_chip_8xx_lib/LPC_CHIP THUMB Flash Debug/sct_8xx.o
 .text.Chip_SCT_ClearControl
                0x00000000       0x20 /home/drob/Documents/CrossWorks Projects/LPCOpen8xx/lpc_chip_8xx_lib/LPC_CHIP THUMB Flash Debug/sct_8xx.o
 .text.Chip_SCT_DeInit
                0x00000000       0x14 /home/drob/Documents/CrossWorks Projects/LPCOpen8xx/lpc_chip_8xx_lib/LPC_CHIP THUMB Flash Debug/sct_8xx.o
 .text.Chip_SCT_SetClrControl
                0x00000000       0x38 /home/drob/Documents/CrossWorks Projects/LPCOpen8xx/lpc_chip_8xx_lib/LPC_CHIP THUMB Flash Debug/sct_8xx.o
 .text.Chip_SCT_SetConflictResolution
                0x00000000       0x48 /home/drob/Documents/CrossWorks Projects/LPCOpen8xx/lpc_chip_8xx_lib/LPC_CHIP THUMB Flash Debug/sct_8xx.o
 .debug_macro   0x00000000      0x856 /home/drob/Documents/CrossWorks Projects/LPCOpen8xx/lpc_chip_8xx_lib/LPC_CHIP THUMB Flash Debug/sct_8xx.o
 .debug_macro   0x00000000      0x188 /home/drob/Documents/CrossWorks Projects/LPCOpen8xx/lpc_chip_8xx_lib/LPC_CHIP THUMB Flash Debug/sct_8xx.o
 .debug_macro   0x00000000       0x22 /home/drob/Documents/CrossWorks Projects/LPCOpen8xx/lpc_chip_8xx_lib/LPC_CHIP THUMB Flash Debug/sct_8xx.o
 .debug_macro   0x00000000       0x66 /home/drob/Documents/CrossWorks Projects/LPCOpen8xx/lpc_chip_8xx_lib/LPC_CHIP THUMB Flash Debug/sct_8xx.o
 .debug_macro   0x00000000       0x10 /home/drob/Documents/CrossWorks Projects/LPCOpen8xx/lpc_chip_8xx_lib/LPC_CHIP THUMB Flash Debug/sct_8xx.o
 .debug_macro   0x00000000       0x22 /home/drob/Documents/CrossWorks Projects/LPCOpen8xx/lpc_chip_8xx_lib/LPC_CHIP THUMB Flash Debug/sct_8xx.o
 .debug_macro   0x00000000       0x3a /home/drob/Documents/CrossWorks Projects/LPCOpen8xx/lpc_chip_8xx_lib/LPC_CHIP THUMB Flash Debug/sct_8xx.o
 .debug_macro   0x00000000       0x1f /home/drob/Documents/CrossWorks Projects/LPCOpen8xx/lpc_chip_8xx_lib/LPC_CHIP THUMB Flash Debug/sct_8xx.o
 .debug_macro   0x00000000      0x241 /home/drob/Documents/CrossWorks Projects/LPCOpen8xx/lpc_chip_8xx_lib/LPC_CHIP THUMB Flash Debug/sct_8xx.o
 .debug_macro   0x00000000      0x100 /home/drob/Documents/CrossWorks Projects/LPCOpen8xx/lpc_chip_8xx_lib/LPC_CHIP THUMB Flash Debug/sct_8xx.o
 .debug_macro   0x00000000       0x6a /home/drob/Documents/CrossWorks Projects/LPCOpen8xx/lpc_chip_8xx_lib/LPC_CHIP THUMB Flash Debug/sct_8xx.o
 .debug_macro   0x00000000       0x70 /home/drob/Documents/CrossWorks Projects/LPCOpen8xx/lpc_chip_8xx_lib/LPC_CHIP THUMB Flash Debug/sct_8xx.o
 .debug_macro   0x00000000       0x1c /home/drob/Documents/CrossWorks Projects/LPCOpen8xx/lpc_chip_8xx_lib/LPC_CHIP THUMB Flash Debug/sct_8xx.o
 .debug_macro   0x00000000       0xa0 /home/drob/Documents/CrossWorks Projects/LPCOpen8xx/lpc_chip_8xx_lib/LPC_CHIP THUMB Flash Debug/sct_8xx.o
 .debug_macro   0x00000000       0x10 /home/drob/Documents/CrossWorks Projects/LPCOpen8xx/lpc_chip_8xx_lib/LPC_CHIP THUMB Flash Debug/sct_8xx.o
 .debug_macro   0x00000000       0x64 /home/drob/Documents/CrossWorks Projects/LPCOpen8xx/lpc_chip_8xx_lib/LPC_CHIP THUMB Flash Debug/sct_8xx.o
 .debug_macro   0x00000000       0x64 /home/drob/Documents/CrossWorks Projects/LPCOpen8xx/lpc_chip_8xx_lib/LPC_CHIP THUMB Flash Debug/sct_8xx.o
 .debug_macro   0x00000000       0x4c /home/drob/Documents/CrossWorks Projects/LPCOpen8xx/lpc_chip_8xx_lib/LPC_CHIP THUMB Flash Debug/sct_8xx.o
 .debug_macro   0x00000000       0x4c /home/drob/Documents/CrossWorks Projects/LPCOpen8xx/lpc_chip_8xx_lib/LPC_CHIP THUMB Flash Debug/sct_8xx.o
 .debug_macro   0x00000000       0x6a /home/drob/Documents/CrossWorks Projects/LPCOpen8xx/lpc_chip_8xx_lib/LPC_CHIP THUMB Flash Debug/sct_8xx.o
 .debug_macro   0x00000000       0x76 /home/drob/Documents/CrossWorks Projects/LPCOpen8xx/lpc_chip_8xx_lib/LPC_CHIP THUMB Flash Debug/sct_8xx.o
 .debug_macro   0x00000000       0x16 /home/drob/Documents/CrossWorks Projects/LPCOpen8xx/lpc_chip_8xx_lib/LPC_CHIP THUMB Flash Debug/sct_8xx.o
 .debug_macro   0x00000000      0x106 /home/drob/Documents/CrossWorks Projects/LPCOpen8xx/lpc_chip_8xx_lib/LPC_CHIP THUMB Flash Debug/sct_8xx.o
 .debug_macro   0x00000000       0x1c /home/drob/Documents/CrossWorks Projects/LPCOpen8xx/lpc_chip_8xx_lib/LPC_CHIP THUMB Flash Debug/sct_8xx.o
 .debug_macro   0x00000000       0x2e /home/drob/Documents/CrossWorks Projects/LPCOpen8xx/lpc_chip_8xx_lib/LPC_CHIP THUMB Flash Debug/sct_8xx.o
 .debug_macro   0x00000000       0xd2 /home/drob/Documents/CrossWorks Projects/LPCOpen8xx/lpc_chip_8xx_lib/LPC_CHIP THUMB Flash Debug/sct_8xx.o
 .debug_macro   0x00000000      0x201 /home/drob/Documents/CrossWorks Projects/LPCOpen8xx/lpc_chip_8xx_lib/LPC_CHIP THUMB Flash Debug/sct_8xx.o
 .text.libc     0x00000000        0x0 /usr/share/crossworks_for_arm_3.1/lib/libc_v6m_t_le_eabi.a(libc_asm.o)
 .data.libc     0x00000000        0x0 /usr/share/crossworks_for_arm_3.1/lib/libc_v6m_t_le_eabi.a(libc_asm.o)
 .bss.libc      0x00000000        0x0 /usr/share/crossworks_for_arm_3.1/lib/libc_v6m_t_le_eabi.a(libc_asm.o)
 .text.libc.__int64_umod
                0x00000000        0xc /usr/share/crossworks_for_arm_3.1/lib/libc_v6m_t_le_eabi.a(libc_asm.o)
 .text.libc.__int64_asr
                0x00000000       0x24 /usr/share/crossworks_for_arm_3.1/lib/libc_v6m_t_le_eabi.a(libc_asm.o)
 .text.libc.__int64_div
                0x00000000       0x38 /usr/share/crossworks_for_arm_3.1/lib/libc_v6m_t_le_eabi.a(libc_asm.o)
 .text.libc.__int64_lsl
                0x00000000       0x24 /usr/share/crossworks_for_arm_3.1/lib/libc_v6m_t_le_eabi.a(libc_asm.o)
 .text.libc.__int64_lsr
                0x00000000       0x24 /usr/share/crossworks_for_arm_3.1/lib/libc_v6m_t_le_eabi.a(libc_asm.o)
 .text.libc.__int64_mod
                0x00000000       0x38 /usr/share/crossworks_for_arm_3.1/lib/libc_v6m_t_le_eabi.a(libc_asm.o)
 .text.libc.__int64_udivmod
                0x00000000       0xac /usr/share/crossworks_for_arm_3.1/lib/libc_v6m_t_le_eabi.a(libc_asm.o)
 .text.libc.__aeabi_ldivmod
                0x00000000       0x48 /usr/share/crossworks_for_arm_3.1/lib/libc_v6m_t_le_eabi.a(libc_asm.o)
 .text.libc.__int64_cmp
                0x00000000       0x1c /usr/share/crossworks_for_arm_3.1/lib/libc_v6m_t_le_eabi.a(libc_asm.o)
 .text.libc.__int64_ucmp
                0x00000000       0x1c /usr/share/crossworks_for_arm_3.1/lib/libc_v6m_t_le_eabi.a(libc_asm.o)
 .text.libc.muldi3
                0x00000000       0x60 /usr/share/crossworks_for_arm_3.1/lib/libc_v6m_t_le_eabi.a(libc_asm.o)
 .text.libc.__int32_umod
                0x00000000        0xc /usr/share/crossworks_for_arm_3.1/lib/libc_v6m_t_le_eabi.a(libc_asm.o)
 .rodata.libc.__aeabi_uidiv
                0x00000000       0x40 /usr/share/crossworks_for_arm_3.1/lib/libc_v6m_t_le_eabi.a(libc_asm.o)
 .text.libc.__int32_mod
                0x00000000        0xc /usr/share/crossworks_for_arm_3.1/lib/libc_v6m_t_le_eabi.a(libc_asm.o)
 .text.libc.__aeabi_uidivmod
                0x00000000       0x2c /usr/share/crossworks_for_arm_3.1/lib/libc_v6m_t_le_eabi.a(libc_asm.o)
 .text.libc.__aeabi_idivmod
                0x00000000       0x40 /usr/share/crossworks_for_arm_3.1/lib/libc_v6m_t_le_eabi.a(libc_asm.o)
 .text.libc.__gnu_thumb1_case_shi
                0x00000000       0x14 /usr/share/crossworks_for_arm_3.1/lib/libc_v6m_t_le_eabi.a(libc_asm.o)
 .text.libc.__gnu_thumb1_case_si
                0x00000000       0x18 /usr/share/crossworks_for_arm_3.1/lib/libc_v6m_t_le_eabi.a(libc_asm.o)
 .text.libc.__gnu_thumb1_case_sqi
                0x00000000       0x14 /usr/share/crossworks_for_arm_3.1/lib/libc_v6m_t_le_eabi.a(libc_asm.o)
 .text.libc.__gnu_thumb1_case_uhi
                0x00000000       0x14 /usr/share/crossworks_for_arm_3.1/lib/libc_v6m_t_le_eabi.a(libc_asm.o)
 .text.libc.__gnu_thumb1_case_uqi
                0x00000000       0x14 /usr/share/crossworks_for_arm_3.1/lib/libc_v6m_t_le_eabi.a(libc_asm.o)
 .text          0x00000000        0x0 /usr/share/crossworks_for_arm_3.1/lib/libdebugio_v6m_t_le_eabi.a(libdebugio.o)
 .data          0x00000000        0x0 /usr/share/crossworks_for_arm_3.1/lib/libdebugio_v6m_t_le_eabi.a(libdebugio.o)
 .bss           0x00000000        0x0 /usr/share/crossworks_for_arm_3.1/lib/libdebugio_v6m_t_le_eabi.a(libdebugio.o)
 .text.libdebugio
                0x00000000        0x0 /usr/share/crossworks_for_arm_3.1/lib/libdebugio_v6m_t_le_eabi.a(libdebugio.o)
 .text.libdebugio.debug_abort
                0x00000000        0xc /usr/share/crossworks_for_arm_3.1/lib/libdebugio_v6m_t_le_eabi.a(libdebugio.o)
 .text.libdebugio.debug_fopen
                0x00000000       0x18 /usr/share/crossworks_for_arm_3.1/lib/libdebugio_v6m_t_le_eabi.a(libdebugio.o)
 .text.libdebugio.debug_fgets
                0x00000000       0x24 /usr/share/crossworks_for_arm_3.1/lib/libdebugio_v6m_t_le_eabi.a(libdebugio.o)
 .text.libdebugio.debug_fputc
                0x00000000       0x10 /usr/share/crossworks_for_arm_3.1/lib/libdebugio_v6m_t_le_eabi.a(libdebugio.o)
 .text.libdebugio.debug_fputs
                0x00000000       0x10 /usr/share/crossworks_for_arm_3.1/lib/libdebugio_v6m_t_le_eabi.a(libdebugio.o)
 .text.libdebugio.debug_fread
                0x00000000       0x24 /usr/share/crossworks_for_arm_3.1/lib/libdebugio_v6m_t_le_eabi.a(libdebugio.o)
 .text.libdebugio.debug_fwrite
                0x00000000       0x1c /usr/share/crossworks_for_arm_3.1/lib/libdebugio_v6m_t_le_eabi.a(libdebugio.o)
 .text.libdebugio.debug_fseek
                0x00000000       0x14 /usr/share/crossworks_for_arm_3.1/lib/libdebugio_v6m_t_le_eabi.a(libdebugio.o)
 .text.libdebugio.debug_ftell
                0x00000000       0x20 /usr/share/crossworks_for_arm_3.1/lib/libdebugio_v6m_t_le_eabi.a(libdebugio.o)
 .text.libdebugio.debug_gets
                0x00000000       0x14 /usr/share/crossworks_for_arm_3.1/lib/libdebugio_v6m_t_le_eabi.a(libdebugio.o)
 .text.libdebugio.debug_fflush
                0x00000000        0xc /usr/share/crossworks_for_arm_3.1/lib/libdebugio_v6m_t_le_eabi.a(libdebugio.o)
 .text.libdebugio.debug_fclose
                0x00000000        0xc /usr/share/crossworks_for_arm_3.1/lib/libdebugio_v6m_t_le_eabi.a(libdebugio.o)
 .text.libdebugio.debug_fgetc
                0x00000000       0x14 /usr/share/crossworks_for_arm_3.1/lib/libdebugio_v6m_t_le_eabi.a(libdebugio.o)
 .text.libdebugio.debug_getchar
                0x00000000       0x10 /usr/share/crossworks_for_arm_3.1/lib/libdebugio_v6m_t_le_eabi.a(libdebugio.o)
 .text.libdebugio.debug_putchar
                0x00000000       0x18 /usr/share/crossworks_for_arm_3.1/lib/libdebugio_v6m_t_le_eabi.a(libdebugio.o)
 .text.libdebugio.debug_rewind
                0x00000000        0xc /usr/share/crossworks_for_arm_3.1/lib/libdebugio_v6m_t_le_eabi.a(libdebugio.o)
 .text.libdebugio.debug_clearerr
                0x00000000        0xc /usr/share/crossworks_for_arm_3.1/lib/libdebugio_v6m_t_le_eabi.a(libdebugio.o)
 .text.libdebugio.debug_feof
                0x00000000        0xc /usr/share/crossworks_for_arm_3.1/lib/libdebugio_v6m_t_le_eabi.a(libdebugio.o)
 .text.libdebugio.debug_ferror
                0x00000000        0xc /usr/share/crossworks_for_arm_3.1/lib/libdebugio_v6m_t_le_eabi.a(libdebugio.o)
 .text.libdebugio.debug_time
                0x00000000       0x24 /usr/share/crossworks_for_arm_3.1/lib/libdebugio_v6m_t_le_eabi.a(libdebugio.o)
 .text.libdebugio.debug_vprintf
                0x00000000       0x10 /usr/share/crossworks_for_arm_3.1/lib/libdebugio_v6m_t_le_eabi.a(libdebugio.o)
 .text.libdebugio.debug_vfprintf
                0x00000000       0x14 /usr/share/crossworks_for_arm_3.1/lib/libdebugio_v6m_t_le_eabi.a(libdebugio.o)
 .text.libdebugio.debug_ungetc
                0x00000000       0x10 /usr/share/crossworks_for_arm_3.1/lib/libdebugio_v6m_t_le_eabi.a(libdebugio.o)
 .text.libdebugio.debug_fgetpos
                0x00000000       0x10 /usr/share/crossworks_for_arm_3.1/lib/libdebugio_v6m_t_le_eabi.a(libdebugio.o)
 .text.libdebugio.debug_fsetpos
                0x00000000       0x10 /usr/share/crossworks_for_arm_3.1/lib/libdebugio_v6m_t_le_eabi.a(libdebugio.o)
 .text.libdebugio.debug_freopen
                0x00000000       0x1c /usr/share/crossworks_for_arm_3.1/lib/libdebugio_v6m_t_le_eabi.a(libdebugio.o)
 .text.libdebugio.debug_perror
                0x00000000        0xc /usr/share/crossworks_for_arm_3.1/lib/libdebugio_v6m_t_le_eabi.a(libdebugio.o)
 .text.libdebugio.debug_remove
                0x00000000        0xc /usr/share/crossworks_for_arm_3.1/lib/libdebugio_v6m_t_le_eabi.a(libdebugio.o)
 .text.libdebugio.debug_rename
                0x00000000       0x10 /usr/share/crossworks_for_arm_3.1/lib/libdebugio_v6m_t_le_eabi.a(libdebugio.o)
 .text.libdebugio.debug_tmpfile
                0x00000000       0x10 /usr/share/crossworks_for_arm_3.1/lib/libdebugio_v6m_t_le_eabi.a(libdebugio.o)
 .text.libdebugio.debug_tmpnam
                0x00000000       0x24 /usr/share/crossworks_for_arm_3.1/lib/libdebugio_v6m_t_le_eabi.a(libdebugio.o)
 .text.libdebugio.debug_getenv
                0x00000000       0x20 /usr/share/crossworks_for_arm_3.1/lib/libdebugio_v6m_t_le_eabi.a(libdebugio.o)
 .text.libdebugio.debug_system
                0x00000000        0xc /usr/share/crossworks_for_arm_3.1/lib/libdebugio_v6m_t_le_eabi.a(libdebugio.o)
 .text.libdebugio.debug_vfscanf
                0x00000000       0x14 /usr/share/crossworks_for_arm_3.1/lib/libdebugio_v6m_t_le_eabi.a(libdebugio.o)
 .text.libdebugio.debug_vscanf
                0x00000000       0x18 /usr/share/crossworks_for_arm_3.1/lib/libdebugio_v6m_t_le_eabi.a(libdebugio.o)
 .text.libdebugio.debug_exit
                0x00000000        0xc /usr/share/crossworks_for_arm_3.1/lib/libdebugio_v6m_t_le_eabi.a(libdebugio.o)
 .text.libdebugio.debug_enabled
                0x00000000        0xc /usr/share/crossworks_for_arm_3.1/lib/libdebugio_v6m_t_le_eabi.a(libdebugio.o)
 .text.libdebugio.debug_ioctl
                0x00000000       0x10 /usr/share/crossworks_for_arm_3.1/lib/libdebugio_v6m_t_le_eabi.a(libdebugio.o)
 .text.libdebugio.debug_runtime_error
                0x00000000        0xc /usr/share/crossworks_for_arm_3.1/lib/libdebugio_v6m_t_le_eabi.a(libdebugio.o)
 .text.libdebugio.debug_break
                0x00000000        0xc /usr/share/crossworks_for_arm_3.1/lib/libdebugio_v6m_t_le_eabi.a(libdebugio.o)
 .text.libdebugio.debug_getargs
                0x00000000        0xc /usr/share/crossworks_for_arm_3.1/lib/libdebugio_v6m_t_le_eabi.a(libdebugio.o)
 .text.libdebugio.debug_geti
                0x00000000       0x14 /usr/share/crossworks_for_arm_3.1/lib/libdebugio_v6m_t_le_eabi.a(libdebugio.o)
 .text.libdebugio.debug_getu
                0x00000000       0x14 /usr/share/crossworks_for_arm_3.1/lib/libdebugio_v6m_t_le_eabi.a(libdebugio.o)
 .text.libdebugio.debug_getl
                0x00000000       0x14 /usr/share/crossworks_for_arm_3.1/lib/libdebugio_v6m_t_le_eabi.a(libdebugio.o)
 .text.libdebugio.debug_getul
                0x00000000       0x14 /usr/share/crossworks_for_arm_3.1/lib/libdebugio_v6m_t_le_eabi.a(libdebugio.o)
 .text.libdebugio.debug_getf
                0x00000000       0x14 /usr/share/crossworks_for_arm_3.1/lib/libdebugio_v6m_t_le_eabi.a(libdebugio.o)
 .text.libdebugio.debug_getd
                0x00000000       0x14 /usr/share/crossworks_for_arm_3.1/lib/libdebugio_v6m_t_le_eabi.a(libdebugio.o)
 .text.libdebugio.debug_getll
                0x00000000       0x14 /usr/share/crossworks_for_arm_3.1/lib/libdebugio_v6m_t_le_eabi.a(libdebugio.o)
 .text.libdebugio.debug_getull
                0x00000000       0x14 /usr/share/crossworks_for_arm_3.1/lib/libdebugio_v6m_t_le_eabi.a(libdebugio.o)
 .text.libdebugio.debug_filesize
                0x00000000        0xc /usr/share/crossworks_for_arm_3.1/lib/libdebugio_v6m_t_le_eabi.a(libdebugio.o)
 .text.libdebugio.debug_accept
                0x00000000       0x24 /usr/share/crossworks_for_arm_3.1/lib/libdebugio_v6m_t_le_eabi.a(libdebugio.o)
 .text.libdebugio.debug_bind
                0x00000000       0x28 /usr/share/crossworks_for_arm_3.1/lib/libdebugio_v6m_t_le_eabi.a(libdebugio.o)
 .text.libdebugio.debug_listen
                0x00000000       0x10 /usr/share/crossworks_for_arm_3.1/lib/libdebugio_v6m_t_le_eabi.a(libdebugio.o)
 .text.libdebugio.debug_shutdown
                0x00000000       0x10 /usr/share/crossworks_for_arm_3.1/lib/libdebugio_v6m_t_le_eabi.a(libdebugio.o)
 .text.libdebugio.debug_socket
                0x00000000       0x14 /usr/share/crossworks_for_arm_3.1/lib/libdebugio_v6m_t_le_eabi.a(libdebugio.o)
 .text.libdebugio.debug_htons
                0x00000000        0xc /usr/share/crossworks_for_arm_3.1/lib/libdebugio_v6m_t_le_eabi.a(libdebugio.o)
 .text.libdebugio.debug_htonl
                0x00000000       0x20 /usr/share/crossworks_for_arm_3.1/lib/libdebugio_v6m_t_le_eabi.a(libdebugio.o)
 .text.libdebugio.debug_loadsymbols
                0x00000000       0x14 /usr/share/crossworks_for_arm_3.1/lib/libdebugio_v6m_t_le_eabi.a(libdebugio.o)
 .text.libdebugio.debug_unloadsymbols
                0x00000000        0xc /usr/share/crossworks_for_arm_3.1/lib/libdebugio_v6m_t_le_eabi.a(libdebugio.o)
 .bss.libdebugio.getenv_buffer
                0x00000000      0x400 /usr/share/crossworks_for_arm_3.1/lib/libdebugio_v6m_t_le_eabi.a(libdebugio.o)
 .bss.libdebugio.__dbgEnabled
                0x00000000        0x4 /usr/share/crossworks_for_arm_3.1/lib/libdebugio_v6m_t_le_eabi.a(libdebugio.o)
 .bss.libdebugio.tmpnam_buffer
                0x00000000      0x100 /usr/share/crossworks_for_arm_3.1/lib/libdebugio_v6m_t_le_eabi.a(libdebugio.o)
 .text          0x00000000        0x0 /usr/share/crossworks_for_arm_3.1/lib/libdebugio_mempoll_v6m_t_le_eabi.a(mempoll_debug_operations.o)
 .data          0x00000000        0x0 /usr/share/crossworks_for_arm_3.1/lib/libdebugio_mempoll_v6m_t_le_eabi.a(mempoll_debug_operations.o)
 .bss           0x00000000        0x0 /usr/share/crossworks_for_arm_3.1/lib/libdebugio_mempoll_v6m_t_le_eabi.a(mempoll_debug_operations.o)
 .text.libdebugio
                0x00000000        0x0 /usr/share/crossworks_for_arm_3.1/lib/libdebugio_mempoll_v6m_t_le_eabi.a(mempoll_debug_operations.o)
 .text          0x00000000        0x0 /usr/share/crossworks_for_arm_3.1/lib/libdebugio_mempoll_v6m_t_le_eabi.a(do_nv_debug_operation.o)
 .data          0x00000000        0x0 /usr/share/crossworks_for_arm_3.1/lib/libdebugio_mempoll_v6m_t_le_eabi.a(do_nv_debug_operation.o)
 .bss           0x00000000        0x0 /usr/share/crossworks_for_arm_3.1/lib/libdebugio_mempoll_v6m_t_le_eabi.a(do_nv_debug_operation.o)
 .text.libdebugio
                0x00000000        0x0 /usr/share/crossworks_for_arm_3.1/lib/libdebugio_mempoll_v6m_t_le_eabi.a(do_nv_debug_operation.o)
 .text.libdebugio.__do_nvdebug_operation
                0x00000000       0x14 /usr/share/crossworks_for_arm_3.1/lib/libdebugio_mempoll_v6m_t_le_eabi.a(do_nv_debug_operation.o)
 .debug_frame   0x00000000       0x34 /usr/share/crossworks_for_arm_3.1/lib/libdebugio_mempoll_v6m_t_le_eabi.a(do_nv_debug_operation.o)
 .debug_info    0x00000000       0x2f /usr/share/crossworks_for_arm_3.1/lib/libdebugio_mempoll_v6m_t_le_eabi.a(do_nv_debug_operation.o)
 .debug_abbrev  0x00000000       0x26 /usr/share/crossworks_for_arm_3.1/lib/libdebugio_mempoll_v6m_t_le_eabi.a(do_nv_debug_operation.o)
 .debug_aranges
                0x00000000       0x20 /usr/share/crossworks_for_arm_3.1/lib/libdebugio_mempoll_v6m_t_le_eabi.a(do_nv_debug_operation.o)
 .debug_ranges  0x00000000       0x10 /usr/share/crossworks_for_arm_3.1/lib/libdebugio_mempoll_v6m_t_le_eabi.a(do_nv_debug_operation.o)
 .debug_line    0x00000000       0x7d /usr/share/crossworks_for_arm_3.1/lib/libdebugio_mempoll_v6m_t_le_eabi.a(do_nv_debug_operation.o)
 .debug_str     0x00000000      0x1d8 /usr/share/crossworks_for_arm_3.1/lib/libdebugio_mempoll_v6m_t_le_eabi.a(do_nv_debug_operation.o)
 .comment       0x00000000       0x4f /usr/share/crossworks_for_arm_3.1/lib/libdebugio_mempoll_v6m_t_le_eabi.a(do_nv_debug_operation.o)
 .ARM.attributes
                0x00000000       0x2b /usr/share/crossworks_for_arm_3.1/lib/libdebugio_mempoll_v6m_t_le_eabi.a(do_nv_debug_operation.o)
 .text          0x00000000        0x0 /usr/share/crossworks_for_arm_3.1/lib/libc_user_libc_v6m_t_le_eabi.a(user_libc.o)
 .data          0x00000000        0x0 /usr/share/crossworks_for_arm_3.1/lib/libc_user_libc_v6m_t_le_eabi.a(user_libc.o)
 .bss           0x00000000        0x0 /usr/share/crossworks_for_arm_3.1/lib/libc_user_libc_v6m_t_le_eabi.a(user_libc.o)
 .text.libc     0x00000000        0x0 /usr/share/crossworks_for_arm_3.1/lib/libc_user_libc_v6m_t_le_eabi.a(user_libc.o)
 .text.libc.__aeabi_read_tp
                0x00000000        0x8 /usr/share/crossworks_for_arm_3.1/lib/libc_user_libc_v6m_t_le_eabi.a(user_libc.o)
 .text.libc.__heap_lock
                0x00000000        0x4 /usr/share/crossworks_for_arm_3.1/lib/libc_user_libc_v6m_t_le_eabi.a(user_libc.o)
 .text.libc.__heap_unlock
                0x00000000        0x4 /usr/share/crossworks_for_arm_3.1/lib/libc_user_libc_v6m_t_le_eabi.a(user_libc.o)
 .text.libc.__printf_lock
                0x00000000        0x4 /usr/share/crossworks_for_arm_3.1/lib/libc_user_libc_v6m_t_le_eabi.a(user_libc.o)
 .text.libc.__printf_unlock
                0x00000000        0x4 /usr/share/crossworks_for_arm_3.1/lib/libc_user_libc_v6m_t_le_eabi.a(user_libc.o)
 .text.libc.__scanf_lock
                0x00000000        0x4 /usr/share/crossworks_for_arm_3.1/lib/libc_user_libc_v6m_t_le_eabi.a(user_libc.o)
 .text.libc.__scanf_unlock
                0x00000000        0x4 /usr/share/crossworks_for_arm_3.1/lib/libc_user_libc_v6m_t_le_eabi.a(user_libc.o)

Memory Configuration

Name             Origin             Length             Attributes
UNPLACED_SECTIONS 0xffffffff         0x00000000         xw
CM0_System_Control_Space 0xe000e000         0x00001000         xw
RAM              0x10000000         0x00001000         xw
FLASH            0x00000000         0x00004000         xr
*default*        0x00000000         0xffffffff

Linker script and memory map

                0xe000e000                __CM0_System_Control_Space_segment_start__ = 0xe000e000
                0xe000f000                __CM0_System_Control_Space_segment_end__ = 0xe000f000
                0x10000000                __RAM_segment_start__ = 0x10000000
                0x10001000                __RAM_segment_end__ = 0x10001000
                0x00000000                __FLASH_segment_start__ = 0x0
                0x00004000                __FLASH_segment_end__ = 0x4000
                0x00000080                __HEAPSIZE__ = 0x80
                0x00000000                __STACKSIZE_ABT__ = 0x0
                0x00000000                __STACKSIZE_FIQ__ = 0x0
                0x00000000                __STACKSIZE_IRQ__ = 0x0
                0x00000000                __STACKSIZE_PROCESS__ = 0x0
                0x00000000                __STACKSIZE_SVC__ = 0x0
                0x00000000                __STACKSIZE_UND__ = 0x0
                0x00000100                __STACKSIZE__ = 0x100
                0x10000000                __vectors_ram_load_start__ = ALIGN (__RAM_segment_start__, 0x100)

.vectors_ram    0x10000000        0x0
                0x10000000                __vectors_ram_start__ = .
 *(.vectors_ram .vectors_ram.*)
                0x10000000                __vectors_ram_end__ = (__vectors_ram_start__ + SIZEOF (.vectors_ram))
                0x10000000                __vectors_ram_load_end__ = __vectors_ram_end__
                0x00000001                . = ASSERT (((__vectors_ram_start__ == __vectors_ram_end__) || ((__vectors_ram_end__ >= __RAM_segment_start__) && (__vectors_ram_end__ <= __RAM_segment_end__))), error: .vectors_ram is too large to fit in RAM memory segment)
                0x00000000                __vectors_load_start__ = ALIGN (__FLASH_segment_start__, 0x100)

.vectors        0x00000000       0xc0
                0x00000000                __vectors_start__ = .
 *(.vectors .vectors.*)
 .vectors       0x00000000       0xc0 stepper THUMB Flash Debug/LPC8xx_Startup.o
                0x00000000                _vectors
                0x000000c0                __vectors_end__ = (__vectors_start__ + SIZEOF (.vectors))
                0x000000c0                __vectors_load_end__ = __vectors_end__
                0x00000001                . = ASSERT (((__vectors_start__ == __vectors_end__) || ((__vectors_end__ >= __FLASH_segment_start__) && (__vectors_end__ <= __FLASH_segment_end__))), error: .vectors is too large to fit in FLASH memory segment)
                0x000000c0                __init_load_start__ = ALIGN (__vectors_end__, 0x4)

.init           0x000000c0      0x1b4
                0x000000c0                __init_start__ = .
 *(.init .init.*)
 .init          0x000000c0      0x154 stepper THUMB Flash Debug/thumb_crt0.o
                0x000000c0                _start
                0x0000016c                exit
                0x00000190                __putchar
                0x00000190                __getchar
 .init          0x00000214       0x60 stepper THUMB Flash Debug/LPC8xx_Startup.o
                0x00000214                reset_handler
                0x00000224                NMI_Handler
                0x00000226                HardFault_Handler
                0x00000228                MemManage_Handler
                0x0000022a                BusFault_Handler
                0x0000022c                UsageFault_Handler
                0x0000022e                SVC_Handler
                0x00000230                DebugMon_Handler
                0x00000232                PendSV_Handler
                0x00000236                SPI0_IRQHandler
                0x00000238                SPI1_IRQHandler
                0x0000023a                UART0_IRQHandler
                0x0000023c                UART1_IRQHandler
                0x0000023e                UART2_IRQHandler
                0x00000240                I2C_IRQHandler
                0x00000246                CMP_IRQHandler
                0x00000248                WDT_IRQHandler
                0x0000024a                BOD_IRQHandler
                0x0000024c                FLASH_IRQHandler
                0x0000024e                WKT_IRQHandler
                0x00000250                PININT0_IRQHandler
                0x00000252                PININT1_IRQHandler
                0x00000254                PININT2_IRQHandler
                0x00000256                PININT3_IRQHandler
                0x00000258                PININT4_IRQHandler
                0x0000025a                PININT5_IRQHandler
                0x0000025c                PININT6_IRQHandler
                0x0000025e                PININT7_IRQHandler
                0x00000260                reset_wait
                0x00000274                __init_end__ = (__init_start__ + SIZEOF (.init))
                0x00000274                __init_load_end__ = __init_end__
                0x00000001                . = ASSERT (((__init_start__ == __init_end__) || ((__init_end__ >= __FLASH_segment_start__) && (__init_end__ <= __FLASH_segment_end__))), error: .init is too large to fit in FLASH memory segment)
                0x00000274                __text_load_start__ = ALIGN (__init_end__, 0x4)

.text           0x00000274      0x898
                0x00000274                __text_start__ = .
 *(.text .text.* .glue_7t .glue_7 .gnu.linkonce.t.* .gcc_except_table .ARM.extab* .gnu.linkonce.armextab.*)
 .glue_7        0x00000000        0x0 linker stubs
 .glue_7t       0x00000000        0x0 linker stubs
 .text.MRT_IRQHandler
                0x00000274       0xc4 stepper THUMB Flash Debug/workingramp.o
                0x00000274                MRT_IRQHandler
 .text.SCT_IRQHandler
                0x00000338       0x70 stepper THUMB Flash Debug/workingramp.o
                0x00000338                SCT_IRQHandler
 .text.STEP_start
                0x000003a8       0x68 stepper THUMB Flash Debug/workingramp.o
                0x000003a8                STEP_start
 .text.STEP_setupSystem
                0x00000410       0x94 stepper THUMB Flash Debug/workingramp.o
                0x00000410                STEP_setupSystem
 .text.STEP_setupMRT
                0x000004a4       0x3c stepper THUMB Flash Debug/workingramp.o
                0x000004a4                STEP_setupMRT
 .text.STEP_setupSCT
                0x000004e0       0x88 stepper THUMB Flash Debug/workingramp.o
                0x000004e0                STEP_setupSCT
 .text.main     0x00000568      0x134 stepper THUMB Flash Debug/steptest.o
                0x00000568                main
 .text.SysTick_Handler
                0x0000069c       0x10 stepper THUMB Flash Debug/steptest.o
                0x0000069c                SysTick_Handler
 .text.SystemCoreClockUpdate
                0x000006ac      0x17c stepper THUMB Flash Debug/system_LPC8xx.o
                0x000006ac                SystemCoreClockUpdate
 .text.SystemInit
                0x00000828       0xa8 stepper THUMB Flash Debug/system_LPC8xx.o
                0x00000828                SystemInit
 .text.Chip_Clock_EnablePeriphClock
                0x000008d0       0x30 /home/drob/Documents/CrossWorks Projects/LPCOpen8xx/lpc_chip_8xx_lib/LPC_CHIP THUMB Flash Debug/gpio_8xx.o
 .text.Chip_GPIO_Init
                0x00000900       0x14 /home/drob/Documents/CrossWorks Projects/LPCOpen8xx/lpc_chip_8xx_lib/LPC_CHIP THUMB Flash Debug/gpio_8xx.o
                0x00000900                Chip_GPIO_Init
 .text.Chip_SWM_MovablePinAssign
                0x00000914       0x64 /home/drob/Documents/CrossWorks Projects/LPCOpen8xx/lpc_chip_8xx_lib/LPC_CHIP THUMB Flash Debug/swm_8xx.o
                0x00000914                Chip_SWM_MovablePinAssign
 .text.Chip_SYSCTL_AssertPeriphReset
                0x00000978       0x30 /home/drob/Documents/CrossWorks Projects/LPCOpen8xx/lpc_chip_8xx_lib/LPC_CHIP THUMB Flash Debug/sct_8xx.o
 .text.Chip_SYSCTL_DeassertPeriphReset
                0x000009a8       0x2c /home/drob/Documents/CrossWorks Projects/LPCOpen8xx/lpc_chip_8xx_lib/LPC_CHIP THUMB Flash Debug/sct_8xx.o
 .text.Chip_SYSCTL_PeriphReset
                0x000009d4       0x28 /home/drob/Documents/CrossWorks Projects/LPCOpen8xx/lpc_chip_8xx_lib/LPC_CHIP THUMB Flash Debug/sct_8xx.o
 .text.Chip_Clock_EnablePeriphClock
                0x000009fc       0x30 /home/drob/Documents/CrossWorks Projects/LPCOpen8xx/lpc_chip_8xx_lib/LPC_CHIP THUMB Flash Debug/sct_8xx.o
 .text.Chip_SCT_Init
                0x00000a2c       0x1c /home/drob/Documents/CrossWorks Projects/LPCOpen8xx/lpc_chip_8xx_lib/LPC_CHIP THUMB Flash Debug/sct_8xx.o
                0x00000a2c                Chip_SCT_Init
 .text.libc.__int32_div
                0x00000a48       0x64 /usr/share/crossworks_for_arm_3.1/lib/libc_v6m_t_le_eabi.a(libc_asm.o)
                0x00000a48                __aeabi_idiv
                0x00000a48                __int32_div
                0x00000a48                __divsi3
                0x00000a84                __udivsi3
                0x00000a84                __uint32_div
                0x00000a84                __aeabi_uidiv
 .text.libdebugio.debug_puts
                0x00000aac        0xc /usr/share/crossworks_for_arm_3.1/lib/libdebugio_v6m_t_le_eabi.a(libdebugio.o)
                0x00000aac                debug_puts
 .text.libdebugio.debug_getch
                0x00000ab8       0x10 /usr/share/crossworks_for_arm_3.1/lib/libdebugio_v6m_t_le_eabi.a(libdebugio.o)
                0x00000ab8                debug_getch
 .text.libdebugio.debug_kbhit
                0x00000ac8        0xc /usr/share/crossworks_for_arm_3.1/lib/libdebugio_v6m_t_le_eabi.a(libdebugio.o)
                0x00000ac8                debug_kbhit
 .text.libdebugio.__do_debug_operation
                0x00000ad4       0x30 /usr/share/crossworks_for_arm_3.1/lib/libdebugio_mempoll_v6m_t_le_eabi.a(mempoll_debug_operations.o)
                0x00000ad4                __do_debug_operation
 .text.libc.__debug_io_lock
                0x00000b04        0x4 /usr/share/crossworks_for_arm_3.1/lib/libc_user_libc_v6m_t_le_eabi.a(user_libc.o)
                0x00000b04                __debug_io_lock
 .text.libc.__debug_io_unlock
                0x00000b08        0x4 /usr/share/crossworks_for_arm_3.1/lib/libc_user_libc_v6m_t_le_eabi.a(user_libc.o)
                0x00000b08                __debug_io_unlock
                0x00000b0c                __text_end__ = (__text_start__ + SIZEOF (.text))
                0x00000b0c                __text_load_end__ = __text_end__

.vfp11_veneer   0x00000000        0x0
 .vfp11_veneer  0x00000000        0x0 linker stubs

.v4_bx          0x00000000        0x0
 .v4_bx         0x00000000        0x0 linker stubs

.iplt           0x00000000        0x0
 .iplt          0x00000000        0x0 stepper THUMB Flash Debug/workingramp.o
                0x00000001                . = ASSERT (((__text_start__ == __text_end__) || ((__text_end__ >= __FLASH_segment_start__) && (__text_end__ <= __FLASH_segment_end__))), error: .text is too large to fit in FLASH memory segment)
                0x00000b0c                __dtors_load_start__ = ALIGN (__text_end__, 0x4)

.dtors          0x00000b0c        0x0
                0x00000b0c                __dtors_start__ = .
 *(SORT(.dtors.*))
 *(.dtors)
 *(.fini_array .fini_array.*)
                0x00000b0c                __dtors_end__ = (__dtors_start__ + SIZEOF (.dtors))
                0x00000b0c                __dtors_load_end__ = __dtors_end__
                0x00000001                . = ASSERT (((__dtors_start__ == __dtors_end__) || ((__dtors_end__ >= __FLASH_segment_start__) && (__dtors_end__ <= __FLASH_segment_end__))), error: .dtors is too large to fit in FLASH memory segment)
                0x00000b0c                __ctors_load_start__ = ALIGN (__dtors_end__, 0x4)

.ctors          0x00000b0c        0x0
                0x00000b0c                __ctors_start__ = .
 *(SORT(.ctors.*))
 *(.ctors)
 *(.init_array .init_array.*)
                0x00000b0c                __ctors_end__ = (__ctors_start__ + SIZEOF (.ctors))
                0x00000b0c                __ctors_load_end__ = __ctors_end__
                0x00000001                . = ASSERT (((__ctors_start__ == __ctors_end__) || ((__ctors_end__ >= __FLASH_segment_start__) && (__ctors_end__ <= __FLASH_segment_end__))), error: .ctors is too large to fit in FLASH memory segment)
                0x00000b0c                __rodata_load_start__ = ALIGN (__ctors_end__, 0x4)

.rodata         0x00000b0c       0x78
                0x00000b0c                __rodata_start__ = .
 *(.rodata .rodata.* .gnu.linkonce.r.*)
 .rodata.STEPS_PER_REV
                0x00000b0c        0x4 stepper THUMB Flash Debug/workingramp.o
                0x00000b0c                STEPS_PER_REV
 .rodata.DIR    0x00000b10        0x4 stepper THUMB Flash Debug/workingramp.o
                0x00000b10                DIR
 .rodata.START_SPEED_PPS
                0x00000b14        0x4 stepper THUMB Flash Debug/workingramp.o
                0x00000b14                START_SPEED_PPS
 .rodata.EN     0x00000b18        0x4 stepper THUMB Flash Debug/workingramp.o
                0x00000b18                EN
 .rodata.str1.4
                0x00000b1c       0x28 stepper THUMB Flash Debug/steptest.o
 .rodata.SystemCoreClockUpdate
                0x00000b44       0x40 stepper THUMB Flash Debug/system_LPC8xx.o
                0x00000b84                __rodata_end__ = (__rodata_start__ + SIZEOF (.rodata))
                0x00000b84                __rodata_load_end__ = __rodata_end__

.rel.dyn        0x00000000        0x0
 .rel.iplt      0x00000000        0x0 stepper THUMB Flash Debug/workingramp.o
                0x00000001                . = ASSERT (((__rodata_start__ == __rodata_end__) || ((__rodata_end__ >= __FLASH_segment_start__) && (__rodata_end__ <= __FLASH_segment_end__))), error: .rodata is too large to fit in FLASH memory segment)
                0x00000b84                __ARM.exidx_load_start__ = ALIGN (__rodata_end__, 0x4)

.ARM.exidx      0x00000b84        0x0
                0x00000b84                __ARM.exidx_start__ = .
                0x00000b84                __exidx_start = __ARM.exidx_start__
 *(.ARM.exidx .ARM.exidx.*)
                0x00000b84                __ARM.exidx_end__ = (__ARM.exidx_start__ + SIZEOF (.ARM.exidx))
                0x00000b84                __exidx_end = __ARM.exidx_end__
                0x00000b84                __ARM.exidx_load_end__ = __ARM.exidx_end__
                0x00000001                . = ASSERT (((__ARM.exidx_start__ == __ARM.exidx_end__) || ((__ARM.exidx_end__ >= __FLASH_segment_start__) && (__ARM.exidx_end__ <= __FLASH_segment_end__))), error: .ARM.exidx is too large to fit in FLASH memory segment)
                0x00000b84                __fast_load_start__ = ALIGN (__ARM.exidx_end__, 0x4)

.fast           0x10000000        0x0 load address 0x00000b84
                0x10000000                __fast_start__ = .
 *(.fast .fast.*)
                0x10000000                __fast_end__ = (__fast_start__ + SIZEOF (.fast))
                0x00000b84                __fast_load_end__ = (__fast_load_start__ + SIZEOF (.fast))
                0x00000001                . = ASSERT (((__fast_load_start__ == __fast_load_end__) || ((__fast_load_end__ >= __FLASH_segment_start__) && (__fast_load_end__ <= __FLASH_segment_end__))), error: .fast is too large to fit in FLASH memory segment)

.fast_run       0x10000000        0x0
                0x10000000                __fast_run_start__ = .
                0x10000000                . = MAX ((__fast_run_start__ + SIZEOF (.fast)), .)
                0x10000000                __fast_run_end__ = (__fast_run_start__ + SIZEOF (.fast_run))
                0x10000000                __fast_run_load_end__ = __fast_run_end__
                0x00000001                . = ASSERT (((__fast_run_start__ == __fast_run_end__) || ((__fast_run_end__ >= __RAM_segment_start__) && (__fast_run_end__ <= __RAM_segment_end__))), error: .fast_run is too large to fit in RAM memory segment)
                0x00000b84                __data_load_start__ = ALIGN ((__fast_load_start__ + SIZEOF (.fast)), 0x4)

.data           0x10000000        0x4 load address 0x00000b84
                0x10000000                __data_start__ = .
 *(.data .data.* .gnu.linkonce.d.*)
 .data.SystemCoreClock
                0x10000000        0x4 stepper THUMB Flash Debug/system_LPC8xx.o
                0x10000000                SystemCoreClock
                0x10000004                __data_end__ = (__data_start__ + SIZEOF (.data))
                0x00000b88                __data_load_end__ = (__data_load_start__ + SIZEOF (.data))

.igot.plt       0x00000000        0x0
 .igot.plt      0x00000000        0x0 stepper THUMB Flash Debug/workingramp.o
                0x00000001                . = ASSERT (((__data_load_start__ == __data_load_end__) || ((__data_load_end__ >= __FLASH_segment_start__) && (__data_load_end__ <= __FLASH_segment_end__))), error: .data is too large to fit in FLASH memory segment)

.data_run       0x10000000        0x4 load address 0x00000b84
                0x10000000                __data_run_start__ = .
                0x10000004                . = MAX ((__data_run_start__ + SIZEOF (.data)), .)
 *fill*         0x10000000        0x4 
                0x10000004                __data_run_end__ = (__data_run_start__ + SIZEOF (.data_run))
                0x10000004                __data_run_load_end__ = __data_run_end__
                0x00000001                . = ASSERT (((__data_run_start__ == __data_run_end__) || ((__data_run_end__ >= __RAM_segment_start__) && (__data_run_end__ <= __RAM_segment_end__))), error: .data_run is too large to fit in RAM memory segment)
                0x00000b88                __tdata_load_start__ = ALIGN ((__data_load_start__ + SIZEOF (.data)), 0x4)

.tdata          0x10000004        0x0 load address 0x00000b88
                0x10000004                __tdata_start__ = .
 *(.tdata .tdata.*)
                0x10000004                __tdata_end__ = (__tdata_start__ + SIZEOF (.tdata))
                0x00000b88                __tdata_load_end__ = (__tdata_load_start__ + SIZEOF (.tdata))
                0x00000b88                __FLASH_segment_used_end__ = (ALIGN ((__data_load_start__ + SIZEOF (.data)), 0x4) + SIZEOF (.tdata))
                0x00000001                . = ASSERT (((__tdata_load_start__ == __tdata_load_end__) || ((__tdata_load_end__ >= __FLASH_segment_start__) && (__tdata_load_end__ <= __FLASH_segment_end__))), error: .tdata is too large to fit in FLASH memory segment)

.tdata_run      0x10000004        0x0
                0x10000004                __tdata_run_start__ = .
                0x10000004                . = MAX ((__tdata_run_start__ + SIZEOF (.tdata)), .)
                0x10000004                __tdata_run_end__ = (__tdata_run_start__ + SIZEOF (.tdata_run))
                0x10000004                __tdata_run_load_end__ = __tdata_run_end__
                0x00000001                . = ASSERT (((__tdata_run_start__ == __tdata_run_end__) || ((__tdata_run_end__ >= __RAM_segment_start__) && (__tdata_run_end__ <= __RAM_segment_end__))), error: .tdata_run is too large to fit in RAM memory segment)
                0x10000004                __bss_load_start__ = ALIGN (__tdata_run_end__, 0x4)

.bss            0x10000004       0x34
                0x10000004                __bss_start__ = .
 *(.bss .bss.* .gnu.linkonce.b.*)
 .bss.STEP_rampsteps
                0x10000004        0x4 stepper THUMB Flash Debug/workingramp.o
                0x10000004                STEP_rampsteps
 .bss.m_Vals    0x10000008       0x20 stepper THUMB Flash Debug/workingramp.o
                0x10000008                m_Vals
 .bss.STEP_steps
                0x10000028        0x4 stepper THUMB Flash Debug/workingramp.o
                0x10000028                STEP_steps
 .bss.ticker    0x1000002c        0x4 stepper THUMB Flash Debug/steptest.o
                0x1000002c                ticker
 .bss.libdebugio.dbgCommWord
                0x10000030        0x4 /usr/share/crossworks_for_arm_3.1/lib/libdebugio_mempoll_v6m_t_le_eabi.a(mempoll_debug_operations.o)
                0x10000030                dbgCommWord
 .bss.libdebugio.dbgCntrlWord_mempoll
                0x10000034        0x4 /usr/share/crossworks_for_arm_3.1/lib/libdebugio_mempoll_v6m_t_le_eabi.a(mempoll_debug_operations.o)
                0x10000034                dbgCntrlWord_mempoll
 *(COMMON)
                0x10000038                __bss_end__ = (__bss_start__ + SIZEOF (.bss))
                0x10000038                __bss_load_end__ = __bss_end__
                0x00000001                . = ASSERT (((__bss_start__ == __bss_end__) || ((__bss_end__ >= __RAM_segment_start__) && (__bss_end__ <= __RAM_segment_end__))), error: .bss is too large to fit in RAM memory segment)
                0x10000038                __tbss_load_start__ = ALIGN (__bss_end__, 0x4)

.tbss           0x10000038        0x0
                0x10000038                __tbss_start__ = .
 *(.tbss .tbss.*)
                0x10000038                __tbss_end__ = (__tbss_start__ + SIZEOF (.tbss))
                0x10000038                __tbss_load_end__ = __tbss_end__
                0x00000001                . = ASSERT (((__tbss_start__ == __tbss_end__) || ((__tbss_end__ >= __RAM_segment_start__) && (__tbss_end__ <= __RAM_segment_end__))), error: .tbss is too large to fit in RAM memory segment)
                0x10000038                __non_init_load_start__ = ALIGN (__tbss_end__, 0x4)

.non_init       0x10000038        0x0
                0x10000038                __non_init_start__ = .
 *(.non_init .non_init.*)
                0x10000038                __non_init_end__ = (__non_init_start__ + SIZEOF (.non_init))
                0x10000038                __non_init_load_end__ = __non_init_end__
                0x00000001                . = ASSERT (((__non_init_start__ == __non_init_end__) || ((__non_init_end__ >= __RAM_segment_start__) && (__non_init_end__ <= __RAM_segment_end__))), error: .non_init is too large to fit in RAM memory segment)
                0x10000038                __heap_load_start__ = ALIGN (__non_init_end__, 0x4)

.heap           0x10000038       0x80
                0x10000038                __heap_start__ = .
 *(.heap .heap.*)
                0x100000b8                . = ALIGN (MAX ((__heap_start__ + __HEAPSIZE__), .), 0x4)
 *fill*         0x10000038       0x80 
                0x100000b8                __heap_end__ = (__heap_start__ + SIZEOF (.heap))
                0x100000b8                __heap_load_end__ = __heap_end__
                0x00000001                . = ASSERT (((__heap_start__ == __heap_end__) || ((__heap_end__ >= __RAM_segment_start__) && (__heap_end__ <= __RAM_segment_end__))), error: .heap is too large to fit in RAM memory segment)
                0x100000b8                __stack_load_start__ = ALIGN (__heap_end__, 0x8)

.stack          0x100000b8      0x100
                0x100000b8                __stack_start__ = .
 *(.stack .stack.*)
                0x100001b8                . = ALIGN (MAX ((__stack_start__ + __STACKSIZE__), .), 0x8)
 *fill*         0x100000b8      0x100 
                0x100001b8                __stack_end__ = (__stack_start__ + SIZEOF (.stack))
                0x100001b8                __stack_load_end__ = __stack_end__
                0x00000001                . = ASSERT (((__stack_start__ == __stack_end__) || ((__stack_end__ >= __RAM_segment_start__) && (__stack_end__ <= __RAM_segment_end__))), error: .stack is too large to fit in RAM memory segment)
                0x100001b8                __stack_process_load_start__ = ALIGN (__stack_end__, 0x8)

.stack_process  0x100001b8        0x0
                0x100001b8                __stack_process_start__ = .
 *(.stack_process .stack_process.*)
                0x100001b8                . = ALIGN (MAX ((__stack_process_start__ + __STACKSIZE_PROCESS__), .), 0x8)
                0x100001b8                __stack_process_end__ = (__stack_process_start__ + SIZEOF (.stack_process))
                0x100001b8                __stack_process_load_end__ = __stack_process_end__
                0x100001b8                __RAM_segment_used_end__ = (ALIGN (__stack_end__, 0x8) + SIZEOF (.stack_process))
                0x00000001                . = ASSERT (((__stack_process_start__ == __stack_process_end__) || ((__stack_process_end__ >= __RAM_segment_start__) && (__stack_process_end__ <= __RAM_segment_end__))), error: .stack_process is too large to fit in RAM memory segment)
START GROUP
LOAD stepper THUMB Flash Debug/workingramp.o
LOAD stepper THUMB Flash Debug/steptest.o
LOAD stepper THUMB Flash Debug/thumb_crt0.o
LOAD stepper THUMB Flash Debug/LPC8xx_Startup.o
LOAD stepper THUMB Flash Debug/system_LPC8xx.o
LOAD /home/drob/.rowley_associates_limited/CrossWorks for ARM/v3/packages/targets/LPC1000/lib/liblpc1000_v6m_t_le_eabi.a
LOAD /home/drob/Documents/CrossWorks Projects/LPCOpen8xx/lpc_chip_8xx_lib/LPC_CHIP THUMB Flash Debug/gpio_8xx.o
LOAD /home/drob/Documents/CrossWorks Projects/LPCOpen8xx/lpc_chip_8xx_lib/LPC_CHIP THUMB Flash Debug/swm_8xx.o
LOAD /home/drob/Documents/CrossWorks Projects/LPCOpen8xx/lpc_chip_8xx_lib/LPC_CHIP THUMB Flash Debug/sct_8xx.o
LOAD /usr/share/crossworks_for_arm_3.1/lib/libdebugio_mempoll_v6m_t_le_eabi.a
LOAD /usr/share/crossworks_for_arm_3.1/lib/libm_v6m_t_le_eabi.a
LOAD /usr/share/crossworks_for_arm_3.1/lib/libc_v6m_t_le_eabi.a
LOAD /usr/share/crossworks_for_arm_3.1/lib/libcpp_v6m_t_le_eabi.a
LOAD /usr/share/crossworks_for_arm_3.1/lib/libdebugio_v6m_t_le_eabi.a
LOAD /usr/share/crossworks_for_arm_3.1/lib/lib_vfprintf_int_nwp_v6m_t_le_eabi.a
LOAD /usr/share/crossworks_for_arm_3.1/lib/lib_vfscanf_int_v6m_t_le_eabi.a
LOAD /usr/share/crossworks_for_arm_3.1/lib/libc_user_libc_v6m_t_le_eabi.a
END GROUP
OUTPUT(stepper THUMB Flash Debug/stepper.elf elf32-littlearm)

.debug_frame    0x00000000     0x1028
 .debug_frame   0x00000000       0xbc stepper THUMB Flash Debug/workingramp.o
 .debug_frame   0x000000bc       0x50 stepper THUMB Flash Debug/steptest.o
 .debug_frame   0x0000010c       0x50 stepper THUMB Flash Debug/system_LPC8xx.o
 .debug_frame   0x0000015c      0x220 /home/drob/Documents/CrossWorks Projects/LPCOpen8xx/lpc_chip_8xx_lib/LPC_CHIP THUMB Flash Debug/gpio_8xx.o
 .debug_frame   0x0000037c       0xc0 /home/drob/Documents/CrossWorks Projects/LPCOpen8xx/lpc_chip_8xx_lib/LPC_CHIP THUMB Flash Debug/swm_8xx.o
 .debug_frame   0x0000043c      0x1f4 /home/drob/Documents/CrossWorks Projects/LPCOpen8xx/lpc_chip_8xx_lib/LPC_CHIP THUMB Flash Debug/sct_8xx.o
 .debug_frame   0x00000630      0x220 /usr/share/crossworks_for_arm_3.1/lib/libc_v6m_t_le_eabi.a(libc_asm.o)
 .debug_frame   0x00000850      0x708 /usr/share/crossworks_for_arm_3.1/lib/libdebugio_v6m_t_le_eabi.a(libdebugio.o)
 .debug_frame   0x00000f58       0x30 /usr/share/crossworks_for_arm_3.1/lib/libdebugio_mempoll_v6m_t_le_eabi.a(mempoll_debug_operations.o)
 .debug_frame   0x00000f88       0xa0 /usr/share/crossworks_for_arm_3.1/lib/libc_user_libc_v6m_t_le_eabi.a(user_libc.o)

.debug_info     0x00000000     0x4637
 .debug_info    0x00000000     0x1aeb stepper THUMB Flash Debug/workingramp.o
 .debug_info    0x00001aeb      0x614 stepper THUMB Flash Debug/steptest.o
 .debug_info    0x000020ff       0x9a stepper THUMB Flash Debug/thumb_crt0.o
 .debug_info    0x00002199       0xca stepper THUMB Flash Debug/LPC8xx_Startup.o
 .debug_info    0x00002263      0x615 stepper THUMB Flash Debug/system_LPC8xx.o
 .debug_info    0x00002878      0x82c /home/drob/Documents/CrossWorks Projects/LPCOpen8xx/lpc_chip_8xx_lib/LPC_CHIP THUMB Flash Debug/gpio_8xx.o
 .debug_info    0x000030a4      0x33a /home/drob/Documents/CrossWorks Projects/LPCOpen8xx/lpc_chip_8xx_lib/LPC_CHIP THUMB Flash Debug/swm_8xx.o
 .debug_info    0x000033de      0xd37 /home/drob/Documents/CrossWorks Projects/LPCOpen8xx/lpc_chip_8xx_lib/LPC_CHIP THUMB Flash Debug/sct_8xx.o
 .debug_info    0x00004115      0x43c /usr/share/crossworks_for_arm_3.1/lib/libdebugio_v6m_t_le_eabi.a(libdebugio.o)
 .debug_info    0x00004551       0x2f /usr/share/crossworks_for_arm_3.1/lib/libdebugio_mempoll_v6m_t_le_eabi.a(mempoll_debug_operations.o)
 .debug_info    0x00004580       0xb7 /usr/share/crossworks_for_arm_3.1/lib/libc_user_libc_v6m_t_le_eabi.a(user_libc.o)

.debug_abbrev   0x00000000      0xc70
 .debug_abbrev  0x00000000      0x377 stepper THUMB Flash Debug/workingramp.o
 .debug_abbrev  0x00000377      0x28f stepper THUMB Flash Debug/steptest.o
 .debug_abbrev  0x00000606       0x14 stepper THUMB Flash Debug/thumb_crt0.o
 .debug_abbrev  0x0000061a       0x14 stepper THUMB Flash Debug/LPC8xx_Startup.o
 .debug_abbrev  0x0000062e      0x173 stepper THUMB Flash Debug/system_LPC8xx.o
 .debug_abbrev  0x000007a1      0x13d /home/drob/Documents/CrossWorks Projects/LPCOpen8xx/lpc_chip_8xx_lib/LPC_CHIP THUMB Flash Debug/gpio_8xx.o
 .debug_abbrev  0x000008de      0x125 /home/drob/Documents/CrossWorks Projects/LPCOpen8xx/lpc_chip_8xx_lib/LPC_CHIP THUMB Flash Debug/swm_8xx.o
 .debug_abbrev  0x00000a03      0x1e5 /home/drob/Documents/CrossWorks Projects/LPCOpen8xx/lpc_chip_8xx_lib/LPC_CHIP THUMB Flash Debug/sct_8xx.o
 .debug_abbrev  0x00000be8       0x3c /usr/share/crossworks_for_arm_3.1/lib/libdebugio_v6m_t_le_eabi.a(libdebugio.o)
 .debug_abbrev  0x00000c24       0x26 /usr/share/crossworks_for_arm_3.1/lib/libdebugio_mempoll_v6m_t_le_eabi.a(mempoll_debug_operations.o)
 .debug_abbrev  0x00000c4a       0x26 /usr/share/crossworks_for_arm_3.1/lib/libc_user_libc_v6m_t_le_eabi.a(user_libc.o)

.debug_loc      0x00000000      0x42f
 .debug_loc     0x00000000      0x1be stepper THUMB Flash Debug/workingramp.o
 .debug_loc     0x000001be      0x15b stepper THUMB Flash Debug/steptest.o
 .debug_loc     0x00000319      0x116 stepper THUMB Flash Debug/system_LPC8xx.o

.debug_aranges  0x00000000      0x480
 .debug_aranges
                0x00000000       0x48 stepper THUMB Flash Debug/workingramp.o
 .debug_aranges
                0x00000048       0x28 stepper THUMB Flash Debug/steptest.o
 .debug_aranges
                0x00000070       0x20 stepper THUMB Flash Debug/thumb_crt0.o
 .debug_aranges
                0x00000090       0x20 stepper THUMB Flash Debug/LPC8xx_Startup.o
 .debug_aranges
                0x000000b0       0x28 stepper THUMB Flash Debug/system_LPC8xx.o
 .debug_aranges
                0x000000d8       0x78 /home/drob/Documents/CrossWorks Projects/LPCOpen8xx/lpc_chip_8xx_lib/LPC_CHIP THUMB Flash Debug/gpio_8xx.o
 .debug_aranges
                0x00000150       0x38 /home/drob/Documents/CrossWorks Projects/LPCOpen8xx/lpc_chip_8xx_lib/LPC_CHIP THUMB Flash Debug/swm_8xx.o
 .debug_aranges
                0x00000188       0x70 /home/drob/Documents/CrossWorks Projects/LPCOpen8xx/lpc_chip_8xx_lib/LPC_CHIP THUMB Flash Debug/sct_8xx.o
 .debug_aranges
                0x000001f8      0x208 /usr/share/crossworks_for_arm_3.1/lib/libdebugio_v6m_t_le_eabi.a(libdebugio.o)
 .debug_aranges
                0x00000400       0x20 /usr/share/crossworks_for_arm_3.1/lib/libdebugio_mempoll_v6m_t_le_eabi.a(mempoll_debug_operations.o)
 .debug_aranges
                0x00000420       0x60 /usr/share/crossworks_for_arm_3.1/lib/libc_user_libc_v6m_t_le_eabi.a(user_libc.o)

.debug_ranges   0x00000000      0x3b0
 .debug_ranges  0x00000000       0x38 stepper THUMB Flash Debug/workingramp.o
 .debug_ranges  0x00000038       0x18 stepper THUMB Flash Debug/steptest.o
 .debug_ranges  0x00000050       0x18 stepper THUMB Flash Debug/system_LPC8xx.o
 .debug_ranges  0x00000068       0x68 /home/drob/Documents/CrossWorks Projects/LPCOpen8xx/lpc_chip_8xx_lib/LPC_CHIP THUMB Flash Debug/gpio_8xx.o
 .debug_ranges  0x000000d0       0x28 /home/drob/Documents/CrossWorks Projects/LPCOpen8xx/lpc_chip_8xx_lib/LPC_CHIP THUMB Flash Debug/swm_8xx.o
 .debug_ranges  0x000000f8       0x60 /home/drob/Documents/CrossWorks Projects/LPCOpen8xx/lpc_chip_8xx_lib/LPC_CHIP THUMB Flash Debug/sct_8xx.o
 .debug_ranges  0x00000158      0x1f8 /usr/share/crossworks_for_arm_3.1/lib/libdebugio_v6m_t_le_eabi.a(libdebugio.o)
 .debug_ranges  0x00000350       0x10 /usr/share/crossworks_for_arm_3.1/lib/libdebugio_mempoll_v6m_t_le_eabi.a(mempoll_debug_operations.o)
 .debug_ranges  0x00000360       0x50 /usr/share/crossworks_for_arm_3.1/lib/libc_user_libc_v6m_t_le_eabi.a(user_libc.o)

.debug_macro    0x00000000     0x343f
 .debug_macro   0x00000000      0x171 stepper THUMB Flash Debug/workingramp.o
 .debug_macro   0x00000171      0x85c stepper THUMB Flash Debug/workingramp.o
 .debug_macro   0x000009cd      0x188 stepper THUMB Flash Debug/workingramp.o
 .debug_macro   0x00000b55       0x22 stepper THUMB Flash Debug/workingramp.o
 .debug_macro   0x00000b77       0x66 stepper THUMB Flash Debug/workingramp.o
 .debug_macro   0x00000bdd       0x10 stepper THUMB Flash Debug/workingramp.o
 .debug_macro   0x00000bed       0x22 stepper THUMB Flash Debug/workingramp.o
 .debug_macro   0x00000c0f       0x3a stepper THUMB Flash Debug/workingramp.o
 .debug_macro   0x00000c49       0x1f stepper THUMB Flash Debug/workingramp.o
 .debug_macro   0x00000c68      0x241 stepper THUMB Flash Debug/workingramp.o
 .debug_macro   0x00000ea9      0x100 stepper THUMB Flash Debug/workingramp.o
 .debug_macro   0x00000fa9       0x6a stepper THUMB Flash Debug/workingramp.o
 .debug_macro   0x00001013       0x70 stepper THUMB Flash Debug/workingramp.o
 .debug_macro   0x00001083       0x1c stepper THUMB Flash Debug/workingramp.o
 .debug_macro   0x0000109f       0xa0 stepper THUMB Flash Debug/workingramp.o
 .debug_macro   0x0000113f       0x10 stepper THUMB Flash Debug/workingramp.o
 .debug_macro   0x0000114f       0x64 stepper THUMB Flash Debug/workingramp.o
 .debug_macro   0x000011b3       0x64 stepper THUMB Flash Debug/workingramp.o
 .debug_macro   0x00001217       0x4c stepper THUMB Flash Debug/workingramp.o
 .debug_macro   0x00001263       0x4c stepper THUMB Flash Debug/workingramp.o
 .debug_macro   0x000012af       0x6a stepper THUMB Flash Debug/workingramp.o
 .debug_macro   0x00001319       0x76 stepper THUMB Flash Debug/workingramp.o
 .debug_macro   0x0000138f       0x16 stepper THUMB Flash Debug/workingramp.o
 .debug_macro   0x000013a5      0x106 stepper THUMB Flash Debug/workingramp.o
 .debug_macro   0x000014ab       0x1c stepper THUMB Flash Debug/workingramp.o
 .debug_macro   0x000014c7       0x2e stepper THUMB Flash Debug/workingramp.o
 .debug_macro   0x000014f5       0xd2 stepper THUMB Flash Debug/workingramp.o
 .debug_macro   0x000015c7      0x201 stepper THUMB Flash Debug/workingramp.o
 .debug_macro   0x000017c8       0x46 stepper THUMB Flash Debug/workingramp.o
 .debug_macro   0x0000180e      0x18f stepper THUMB Flash Debug/steptest.o
 .debug_macro   0x0000199d      0x85c stepper THUMB Flash Debug/steptest.o
 .debug_macro   0x000021f9       0x40 stepper THUMB Flash Debug/steptest.o
 .debug_macro   0x00002239       0x89 stepper THUMB Flash Debug/steptest.o
 .debug_macro   0x000022c2       0x2e stepper THUMB Flash Debug/steptest.o
 .debug_macro   0x000022f0       0xd7 stepper THUMB Flash Debug/system_LPC8xx.o
 .debug_macro   0x000023c7       0x1c stepper THUMB Flash Debug/system_LPC8xx.o
 .debug_macro   0x000023e3       0x3a stepper THUMB Flash Debug/system_LPC8xx.o
 .debug_macro   0x0000241d      0x242 stepper THUMB Flash Debug/system_LPC8xx.o
 .debug_macro   0x0000265f      0x146 stepper THUMB Flash Debug/system_LPC8xx.o
 .debug_macro   0x000027a5      0x168 /home/drob/Documents/CrossWorks Projects/LPCOpen8xx/lpc_chip_8xx_lib/LPC_CHIP THUMB Flash Debug/gpio_8xx.o
 .debug_macro   0x0000290d      0x856 /home/drob/Documents/CrossWorks Projects/LPCOpen8xx/lpc_chip_8xx_lib/LPC_CHIP THUMB Flash Debug/gpio_8xx.o
 .debug_macro   0x00003163      0x174 /home/drob/Documents/CrossWorks Projects/LPCOpen8xx/lpc_chip_8xx_lib/LPC_CHIP THUMB Flash Debug/swm_8xx.o
 .debug_macro   0x000032d7      0x168 /home/drob/Documents/CrossWorks Projects/LPCOpen8xx/lpc_chip_8xx_lib/LPC_CHIP THUMB Flash Debug/sct_8xx.o

.debug_line     0x00000000     0x1d6f
 .debug_line    0x00000000      0x4b3 stepper THUMB Flash Debug/workingramp.o
 .debug_line    0x000004b3      0x3e6 stepper THUMB Flash Debug/steptest.o
 .debug_line    0x00000899       0xfd stepper THUMB Flash Debug/thumb_crt0.o
 .debug_line    0x00000996       0xc2 stepper THUMB Flash Debug/LPC8xx_Startup.o
 .debug_line    0x00000a58      0x208 stepper THUMB Flash Debug/system_LPC8xx.o
 .debug_line    0x00000c60      0x414 /home/drob/Documents/CrossWorks Projects/LPCOpen8xx/lpc_chip_8xx_lib/LPC_CHIP THUMB Flash Debug/gpio_8xx.o
 .debug_line    0x00001074      0x369 /home/drob/Documents/CrossWorks Projects/LPCOpen8xx/lpc_chip_8xx_lib/LPC_CHIP THUMB Flash Debug/swm_8xx.o
 .debug_line    0x000013dd      0x3f3 /home/drob/Documents/CrossWorks Projects/LPCOpen8xx/lpc_chip_8xx_lib/LPC_CHIP THUMB Flash Debug/sct_8xx.o
 .debug_line    0x000017d0      0x4b8 /usr/share/crossworks_for_arm_3.1/lib/libdebugio_v6m_t_le_eabi.a(libdebugio.o)
 .debug_line    0x00001c88       0x80 /usr/share/crossworks_for_arm_3.1/lib/libdebugio_mempoll_v6m_t_le_eabi.a(mempoll_debug_operations.o)
 .debug_line    0x00001d08       0x67 /usr/share/crossworks_for_arm_3.1/lib/libc_user_libc_v6m_t_le_eabi.a(user_libc.o)

.debug_str      0x00000000     0x96e3
 .debug_str     0x00000000     0x791d stepper THUMB Flash Debug/workingramp.o
                               0x79ec (size before relaxing)
 .debug_str     0x0000791d      0x634 stepper THUMB Flash Debug/steptest.o
                               0x6f93 (size before relaxing)
 .debug_str     0x00007f51      0xb6c stepper THUMB Flash Debug/system_LPC8xx.o
                               0x45f6 (size before relaxing)
 .debug_str     0x00008abd      0x255 /home/drob/Documents/CrossWorks Projects/LPCOpen8xx/lpc_chip_8xx_lib/LPC_CHIP THUMB Flash Debug/gpio_8xx.o
                               0x6d3c (size before relaxing)
 .debug_str     0x00008d12      0x1e0 /home/drob/Documents/CrossWorks Projects/LPCOpen8xx/lpc_chip_8xx_lib/LPC_CHIP THUMB Flash Debug/swm_8xx.o
                               0x6c37 (size before relaxing)
 .debug_str     0x00008ef2       0xb0 /home/drob/Documents/CrossWorks Projects/LPCOpen8xx/lpc_chip_8xx_lib/LPC_CHIP THUMB Flash Debug/sct_8xx.o
                               0x6f5f (size before relaxing)
 .debug_str     0x00008fa2      0x4b3 /usr/share/crossworks_for_arm_3.1/lib/libdebugio_v6m_t_le_eabi.a(libdebugio.o)
                                0x4d6 (size before relaxing)
 .debug_str     0x00009455       0x75 /usr/share/crossworks_for_arm_3.1/lib/libdebugio_mempoll_v6m_t_le_eabi.a(mempoll_debug_operations.o)
                                0x1d9 (size before relaxing)
 .debug_str     0x000094ca      0x219 /usr/share/crossworks_for_arm_3.1/lib/libc_user_libc_v6m_t_le_eabi.a(user_libc.o)

.comment        0x00000000       0x9c
 .comment       0x00000000       0x4e stepper THUMB Flash Debug/workingramp.o
                                 0x4f (size before relaxing)
 .comment       0x0000004e       0x4e stepper THUMB Flash Debug/steptest.o
                                 0x4f (size before relaxing)
 .comment       0x00000000       0x4f stepper THUMB Flash Debug/system_LPC8xx.o
 .comment       0x00000000       0x4f /home/drob/Documents/CrossWorks Projects/LPCOpen8xx/lpc_chip_8xx_lib/LPC_CHIP THUMB Flash Debug/gpio_8xx.o
 .comment       0x00000000       0x4f /home/drob/Documents/CrossWorks Projects/LPCOpen8xx/lpc_chip_8xx_lib/LPC_CHIP THUMB Flash Debug/swm_8xx.o
 .comment       0x00000000       0x4f /home/drob/Documents/CrossWorks Projects/LPCOpen8xx/lpc_chip_8xx_lib/LPC_CHIP THUMB Flash Debug/sct_8xx.o
 .comment       0x00000000       0x4f /usr/share/crossworks_for_arm_3.1/lib/libdebugio_v6m_t_le_eabi.a(libdebugio.o)
 .comment       0x00000000       0x4f /usr/share/crossworks_for_arm_3.1/lib/libdebugio_mempoll_v6m_t_le_eabi.a(mempoll_debug_operations.o)
 .comment       0x00000000       0x4f /usr/share/crossworks_for_arm_3.1/lib/libc_user_libc_v6m_t_le_eabi.a(user_libc.o)

.ARM.attributes
                0x00000000       0x30
 .ARM.attributes
                0x00000000       0x32 stepper THUMB Flash Debug/workingramp.o
 .ARM.attributes
                0x00000032       0x32 stepper THUMB Flash Debug/steptest.o
 .ARM.attributes
                0x00000064       0x22 stepper THUMB Flash Debug/thumb_crt0.o
 .ARM.attributes
                0x00000086       0x22 stepper THUMB Flash Debug/LPC8xx_Startup.o
 .ARM.attributes
                0x000000a8       0x32 stepper THUMB Flash Debug/system_LPC8xx.o
 .ARM.attributes
                0x000000da       0x32 /home/drob/Documents/CrossWorks Projects/LPCOpen8xx/lpc_chip_8xx_lib/LPC_CHIP THUMB Flash Debug/gpio_8xx.o
 .ARM.attributes
                0x0000010c       0x32 /home/drob/Documents/CrossWorks Projects/LPCOpen8xx/lpc_chip_8xx_lib/LPC_CHIP THUMB Flash Debug/swm_8xx.o
 .ARM.attributes
                0x0000013e       0x32 /home/drob/Documents/CrossWorks Projects/LPCOpen8xx/lpc_chip_8xx_lib/LPC_CHIP THUMB Flash Debug/sct_8xx.o
 .ARM.attributes
                0x00000170       0x1b /usr/share/crossworks_for_arm_3.1/lib/libc_v6m_t_le_eabi.a(libc_asm.o)
 .ARM.attributes
                0x0000018b       0x2b /usr/share/crossworks_for_arm_3.1/lib/libdebugio_v6m_t_le_eabi.a(libdebugio.o)
 .ARM.attributes
                0x000001b6       0x2b /usr/share/crossworks_for_arm_3.1/lib/libdebugio_mempoll_v6m_t_le_eabi.a(mempoll_debug_operations.o)
 .ARM.attributes
                0x000001e1       0x2b /usr/share/crossworks_for_arm_3.1/lib/libc_user_libc_v6m_t_le_eabi.a(user_libc.o)
